<html>
<body>
<pre>
<h1>µVision Build Log</h1>
<h2>Tool Versions:</h2>
IDE-Version: ¦ÌVision V5.43.1.0
Copyright (C) 2025 ARM Ltd and ARM Germany GmbH. All rights reserved.
License Information: 1 ChanE, Q, LIC=SDA0P-M10AJ-45AT5-GPX2E-WGZ94-CR7SY
 
Tool Versions:
Toolchain:       MDK-ARM Plus  Version: 5.43.0.0
Toolchain Path:  C:\Users\ChanE\AppData\Local\Keil_v5\ARM\ARMCC\Bin
C Compiler:      Armcc.exe V5.06 update 6 (build 750)
Assembler:       Armasm.exe V5.06 update 6 (build 750)
Linker/Locator:  ArmLink.exe V5.06 update 6 (build 750)
Library Manager: ArmAr.exe V5.06 update 6 (build 750)
Hex Converter:   FromElf.exe V5.06 update 6 (build 750)
CPU DLL:         SARMCM3.DLL V5.43.0.0
Dialog DLL:      DCM.DLL V1.17.5.0
Target DLL:      STLink\ST-LINKIII-KEIL_SWO.dll V3.3.1.0
Dialog DLL:      TCM.DLL V1.56.6.0
 
<h2>Project:</h2>
C:\Users\ChanE\Desktop\Watch_rtos\MDK-ARM\Watch_rtos.uvprojx
Project File Date:  04/02/2026

<h2>Output:</h2>
*** Using Compiler 'V5.06 update 6 (build 750)', folder: 'C:\Users\ChanE\AppData\Local\Keil_v5\ARM\ARMCC\Bin'
Rebuild target 'Watch_rtos'
assembling startup_stm32f103xb.s...
compiling OLED_Data.c...
compiling LED.c...
compiling SetTime.c...
compiling menu.c...
compiling stm32f1xx_hal_msp.c...
compiling Key.c...
compiling stm32f1xx_hal_timebase_tim.c...
compiling stm32f1xx_it.c...
compiling gpio.c...
compiling rtc.c...
compiling MyI2C.c...
compiling OLED.c...
compiling i2c.c...
compiling MPU6050.c...
compiling stm32f1xx_hal_gpio_ex.c...
compiling main.c...
compiling freertos.c...
../Core/Src/freertos.c(423): warning:  #223-D: function "abs" declared implicitly
          sprintf(buf, "Rate:%+d.%d dps", yaw10/10, abs(yaw10)%10);
../Core/Src/freertos.c: 1 warning, 0 errors
compiling stm32f1xx_hal.c...
compiling stm32f1xx_hal_dma.c...
compiling stm32f1xx_hal_flash_ex.c...
compiling stm32f1xx_hal_cortex.c...
compiling stm32f1xx_hal_exti.c...
compiling stm32f1xx_hal_pwr.c...
compiling stm32f1xx_hal_rcc_ex.c...
compiling system_stm32f1xx.c...
compiling stm32f1xx_hal_flash.c...
compiling stm32f1xx_hal_rcc.c...
compiling croutine.c...
compiling stm32f1xx_hal_rtc_ex.c...
compiling stm32f1xx_hal_gpio.c...
compiling stm32f1xx_hal_rtc.c...
compiling stm32f1xx_hal_tim_ex.c...
compiling event_groups.c...
compiling list.c...
compiling stream_buffer.c...
compiling heap_4.c...
compiling timers.c...
compiling queue.c...
compiling tasks.c...
compiling port.c...
compiling stm32f1xx_hal_tim.c...
compiling stm32f1xx_hal_i2c.c...
compiling cmsis_os2.c...
linking...
Program Size: Code=23850 RO-data=7270 RW-data=220 ZI-data=9276  
FromELF: creating hex file...
"Watch_rtos\Watch_rtos.axf" - 0 Error(s), 1 Warning(s).

<h2>Software Packages used:</h2>

Package Vendor: ARM
                https://www.keil.com/pack/ARM.CMSIS.6.2.0.pack
                ARM::CMSIS@6.2.0
                CMSIS (Common Microcontroller Software Interface Standard)
   * Component: CORE Version: 6.1.1

Package Vendor: Keil
                http://www.keil.com/pack/Keil.STM32F1xx_DFP.2.2.0.pack
                Keil::STM32F1xx_DFP@2.2.0
                STMicroelectronics STM32F1 Series Device Support, Drivers and Examples

<h2>Collection of Component include folders:</h2>
  ./RTE/_Watch_rtos
  C:/Users/ChanE/AppData/Local/Arm/Packs/ARM/CMSIS/6.2.0/CMSIS/Core/Include
  C:/Users/ChanE/AppData/Local/Arm/Packs/Keil/STM32F1xx_DFP/2.2.0/Device/Include

<h2>Collection of Component Files used:</h2>

   * Component: ARM::CMSIS:CORE@6.1.1
      Include file:  CMSIS/Core/Include/tz_context.h
Build Time Elapsed:  00:00:07
</pre>
</body>
</html>
