Component: ARM Compiler 5.06 update 6 (build 750) Tool: armlink [4d35ed]

==============================================================================

Section Cross References

    startup_stm32f103xb.o(STACK) refers (Special) to heapauxi.o(.text) for __use_two_region_memory
    startup_stm32f103xb.o(HEAP) refers (Special) to heapauxi.o(.text) for __use_two_region_memory
    startup_stm32f103xb.o(RESET) refers (Special) to heapauxi.o(.text) for __use_two_region_memory
    startup_stm32f103xb.o(RESET) refers to startup_stm32f103xb.o(STACK) for __initial_sp
    startup_stm32f103xb.o(RESET) refers to startup_stm32f103xb.o(.text) for Reset_Handler
    startup_stm32f103xb.o(RESET) refers to stm32f1xx_it.o(i.NMI_Handler) for NMI_Handler
    startup_stm32f103xb.o(RESET) refers to stm32f1xx_it.o(i.HardFault_Handler) for HardFault_Handler
    startup_stm32f103xb.o(RESET) refers to stm32f1xx_it.o(i.MemManage_Handler) for MemManage_Handler
    startup_stm32f103xb.o(RESET) refers to stm32f1xx_it.o(i.BusFault_Handler) for BusFault_Handler
    startup_stm32f103xb.o(RESET) refers to stm32f1xx_it.o(i.UsageFault_Handler) for UsageFault_Handler
    startup_stm32f103xb.o(RESET) refers to port.o(.emb_text) for SVC_Handler
    startup_stm32f103xb.o(RESET) refers to stm32f1xx_it.o(i.DebugMon_Handler) for DebugMon_Handler
    startup_stm32f103xb.o(RESET) refers to cmsis_os2.o(i.SysTick_Handler) for SysTick_Handler
    startup_stm32f103xb.o(RESET) refers to stm32f1xx_it.o(i.TIM4_IRQHandler) for TIM4_IRQHandler
    startup_stm32f103xb.o(.text) refers (Special) to heapauxi.o(.text) for __use_two_region_memory
    startup_stm32f103xb.o(.text) refers to system_stm32f1xx.o(i.SystemInit) for SystemInit
    startup_stm32f103xb.o(.text) refers to __main.o(!!!main) for __main
    startup_stm32f103xb.o(.text) refers to startup_stm32f103xb.o(HEAP) for Heap_Mem
    startup_stm32f103xb.o(.text) refers to startup_stm32f103xb.o(STACK) for Stack_Mem
    key.o(i.Key_GetNum) refers to key.o(.data) for .data
    key.o(i.Key_GetNum_RTOS) refers to stm32f1xx_hal_gpio.o(i.HAL_GPIO_ReadPin) for HAL_GPIO_ReadPin
    key.o(i.Key_GetState) refers to stm32f1xx_hal_gpio.o(i.HAL_GPIO_ReadPin) for HAL_GPIO_ReadPin
    key.o(i.Key_Tick) refers to key.o(i.Key_GetState) for Key_GetState
    key.o(i.Key_Tick) refers to key.o(.data) for .data
    led.o(i.LED_Init) refers to led.o(i.LED_OFF) for LED_OFF
    led.o(i.LED_OFF) refers to stm32f1xx_hal_gpio.o(i.HAL_GPIO_WritePin) for HAL_GPIO_WritePin
    led.o(i.LED_ON) refers to stm32f1xx_hal_gpio.o(i.HAL_GPIO_WritePin) for HAL_GPIO_WritePin
    led.o(i.LED_Turn) refers to stm32f1xx_hal_gpio.o(i.HAL_GPIO_TogglePin) for HAL_GPIO_TogglePin
    mpu6050.o(i.MPU6050_GetData) refers to mpu6050.o(i.MPU6050_ReadReg) for MPU6050_ReadReg
    mpu6050.o(i.MPU6050_GetID) refers to mpu6050.o(i.MPU6050_ReadReg) for MPU6050_ReadReg
    mpu6050.o(i.MPU6050_Init) refers to mpu6050.o(i.MPU6050_WriteReg) for MPU6050_WriteReg
    mpu6050.o(i.MPU6050_ReadReg) refers to stm32f1xx_hal_i2c.o(i.HAL_I2C_Mem_Read) for HAL_I2C_Mem_Read
    mpu6050.o(i.MPU6050_ReadReg) refers to i2c.o(.bss) for hi2c2
    mpu6050.o(i.MPU6050_WriteReg) refers to stm32f1xx_hal_i2c.o(i.HAL_I2C_Mem_Write) for HAL_I2C_Mem_Write
    mpu6050.o(i.MPU6050_WriteReg) refers to i2c.o(.bss) for hi2c2
    myi2c.o(i.MyI2C_Init) refers to stm32f1xx_hal_gpio.o(i.HAL_GPIO_WritePin) for HAL_GPIO_WritePin
    myi2c.o(i.MyI2C_R_SDA) refers to stm32f1xx_hal_gpio.o(i.HAL_GPIO_ReadPin) for HAL_GPIO_ReadPin
    myi2c.o(i.MyI2C_R_SDA) refers to myi2c.o(i.I2C_Delay) for I2C_Delay
    myi2c.o(i.MyI2C_ReceiveAck) refers to myi2c.o(i.MyI2C_W_SDA) for MyI2C_W_SDA
    myi2c.o(i.MyI2C_ReceiveAck) refers to myi2c.o(i.MyI2C_W_SCL) for MyI2C_W_SCL
    myi2c.o(i.MyI2C_ReceiveAck) refers to myi2c.o(i.MyI2C_R_SDA) for MyI2C_R_SDA
    myi2c.o(i.MyI2C_ReceiveByte) refers to myi2c.o(i.MyI2C_W_SDA) for MyI2C_W_SDA
    myi2c.o(i.MyI2C_ReceiveByte) refers to myi2c.o(i.MyI2C_W_SCL) for MyI2C_W_SCL
    myi2c.o(i.MyI2C_ReceiveByte) refers to myi2c.o(i.MyI2C_R_SDA) for MyI2C_R_SDA
    myi2c.o(i.MyI2C_SendAck) refers to myi2c.o(i.MyI2C_W_SDA) for MyI2C_W_SDA
    myi2c.o(i.MyI2C_SendAck) refers to myi2c.o(i.MyI2C_W_SCL) for MyI2C_W_SCL
    myi2c.o(i.MyI2C_SendByte) refers to myi2c.o(i.MyI2C_W_SDA) for MyI2C_W_SDA
    myi2c.o(i.MyI2C_SendByte) refers to myi2c.o(i.MyI2C_W_SCL) for MyI2C_W_SCL
    myi2c.o(i.MyI2C_Start) refers to myi2c.o(i.MyI2C_W_SDA) for MyI2C_W_SDA
    myi2c.o(i.MyI2C_Start) refers to myi2c.o(i.MyI2C_W_SCL) for MyI2C_W_SCL
    myi2c.o(i.MyI2C_Stop) refers to myi2c.o(i.MyI2C_W_SDA) for MyI2C_W_SDA
    myi2c.o(i.MyI2C_Stop) refers to myi2c.o(i.MyI2C_W_SCL) for MyI2C_W_SCL
    myi2c.o(i.MyI2C_W_SCL) refers to stm32f1xx_hal_gpio.o(i.HAL_GPIO_WritePin) for HAL_GPIO_WritePin
    myi2c.o(i.MyI2C_W_SCL) refers to myi2c.o(i.I2C_Delay) for I2C_Delay
    myi2c.o(i.MyI2C_W_SDA) refers to stm32f1xx_hal_gpio.o(i.HAL_GPIO_WritePin) for HAL_GPIO_WritePin
[...]
    x$fpl$trapveneer                         0x08005de6   Section       48  trapv.o(x$fpl$trapveneer)
    .constdata                               0x08005e16   Section     1520  oled_data.o(.constdata)
    x$fpl$usenofp                            0x08005e16   Section        0  usenofp.o(x$fpl$usenofp)
    .constdata                               0x08006406   Section      570  oled_data.o(.constdata)
    .constdata                               0x08006640   Section     3420  oled_data.o(.constdata)
    .constdata                               0x0800739c   Section     1085  oled_data.o(.constdata)
    .constdata                               0x080077dc   Section      208  freertos.o(.constdata)
    .constdata                               0x080078ac   Section       18  stm32f1xx_hal_rcc.o(.constdata)
    aPredivFactorTable                       0x080078ac   Data           2  stm32f1xx_hal_rcc.o(.constdata)
    aPLLMULFactorTable                       0x080078ae   Data          16  stm32f1xx_hal_rcc.o(.constdata)
    .constdata                               0x080078be   Section       18  stm32f1xx_hal_rcc_ex.o(.constdata)
    aPredivFactorTable                       0x080078be   Data           2  stm32f1xx_hal_rcc_ex.o(.constdata)
    aPLLMULFactorTable                       0x080078c0   Data          16  stm32f1xx_hal_rcc_ex.o(.constdata)
    .constdata                               0x080078d0   Section       16  system_stm32f1xx.o(.constdata)
    .constdata                               0x080078e0   Section        8  system_stm32f1xx.o(.constdata)
    .constdata                               0x080078e8   Section       17  __printf_flags_ss_wp.o(.constdata)
    maptable                                 0x080078e8   Data          17  __printf_flags_ss_wp.o(.constdata)
    .conststring                             0x080078fc   Section      116  freertos.o(.conststring)
    .data                                    0x20000000   Section        1  settime.o(.data)
    .data                                    0x20000001   Section        1  settime.o(.data)
    .data                                    0x20000002   Section        1  settime.o(.data)
    .data                                    0x20000004   Section        2  settime.o(.data)
    .data                                    0x20000006   Section        1  settime.o(.data)
    .data                                    0x20000007   Section        1  settime.o(.data)
    .data                                    0x20000008   Section        1  settime.o(.data)
    .data                                    0x20000009   Section        1  settime.o(.data)
    .data                                    0x2000000a   Section        1  settime.o(.data)
    .data                                    0x2000000b   Section        1  settime.o(.data)
    .data                                    0x2000000c   Section        1  settime.o(.data)
    .data                                    0x20000010   Section       58  freertos.o(.data)
    mpu_ready                                0x20000010   Data           1  freertos.o(.data)
    need_full_clear                          0x20000011   Data           1  freertos.o(.data)
    last_running                             0x20000012   Data           1  freertos.o(.data)
    last_min                                 0x20000013   Data           1  freertos.o(.data)
    last_sec                                 0x20000014   Data           1  freertos.o(.data)
    mpu_ax                                   0x20000016   Data           2  freertos.o(.data)
    mpu_ay                                   0x20000018   Data           2  freertos.o(.data)
    mpu_az                                   0x2000001a   Data           2  freertos.o(.data)
    mpu_gx                                   0x2000001c   Data           2  freertos.o(.data)
    mpu_gy                                   0x2000001e   Data           2  freertos.o(.data)
    mpu_gz                                   0x20000020   Data           2  freertos.o(.data)
    last_ms                                  0x20000022   Data           2  freertos.o(.data)
    last_menu_state_display                  0x20000024   Data           4  freertos.o(.data)
    last_func_active_display                 0x20000028   Data           4  freertos.o(.data)
    last_menu_state                          0x2000002c   Data           4  freertos.o(.data)
    last_func_active                         0x20000030   Data           4  freertos.o(.data)
    edit_time_buf                            0x20000044   Data           6  freertos.o(.data)
    .data                                    0x2000004c   Section       12  stm32f1xx_hal.o(.data)
    .data                                    0x20000058   Section        4  system_stm32f1xx.o(.data)
    .data                                    0x2000005c   Section       60  tasks.o(.data)
    uxDeletedTasksWaitingCleanUp             0x20000060   Data           4  tasks.o(.data)
    uxCurrentNumberOfTasks                   0x20000064   Data           4  tasks.o(.data)
    xTickCount                               0x20000068   Data           4  tasks.o(.data)
    uxTopReadyPriority                       0x2000006c   Data           4  tasks.o(.data)
    xSchedulerRunning                        0x20000070   Data           4  tasks.o(.data)
    xPendedTicks                             0x20000074   Data           4  tasks.o(.data)
    xYieldPending                            0x20000078   Data           4  tasks.o(.data)
    xNumOfOverflows                          0x2000007c   Data           4  tasks.o(.data)
    uxTaskNumber                             0x20000080   Data           4  tasks.o(.data)
    xNextTaskUnblockTime                     0x20000084   Data           4  tasks.o(.data)
    xIdleTaskHandle                          0x20000088   Data           4  tasks.o(.data)
    uxSchedulerSuspended                     0x2000008c   Data           4  tasks.o(.data)
    pxDelayedTaskList                        0x20000090   Data           4  tasks.o(.data)
    pxOverflowDelayedTaskList                0x20000094   Data           4  tasks.o(.data)
    .data                                    0x20000098   Section       20  timers.o(.data)
    xTimerQueue                              0x20000098   Data           4  timers.o(.data)
    xTimerTaskHandle                         0x2000009c   Data           4  timers.o(.data)
    xLastTime                                0x200000a0   Data           4  timers.o(.data)
    pxCurrentTimerList                       0x200000a4   Data           4  timers.o(.data)
    pxOverflowTimerList                      0x200000a8   Data           4  timers.o(.data)
    .data                                    0x200000ac   Section        4  cmsis_os2.o(.data)
    KernelState                              0x200000ac   Data           4  cmsis_os2.o(.data)
    .data                                    0x200000b0   Section       32  heap_4.o(.data)
    pxEnd                                    0x200000b0   Data           4  heap_4.o(.data)
    xFreeBytesRemaining                      0x200000b4   Data           4  heap_4.o(.data)
    xMinimumEverFreeBytesRemaining           0x200000b8   Data           4  heap_4.o(.data)
    xNumberOfSuccessfulAllocations           0x200000bc   Data           4  heap_4.o(.data)
    xNumberOfSuccessfulFrees                 0x200000c0   Data           4  heap_4.o(.data)
    xBlockAllocatedBit                       0x200000c4   Data           4  heap_4.o(.data)
    xStart                                   0x200000c8   Data           8  heap_4.o(.data)
    .data                                    0x200000d0   Section       12  port.o(.data)
    ucMaxSysCallPriority                     0x200000d0   Data           1  port.o(.data)
    uxCriticalNesting                        0x200000d4   Data           4  port.o(.data)
    ulMaxPRIGROUPValue                       0x200000d8   Data           4  port.o(.data)
    .bss                                     0x200000dc   Section     1024  oled.o(.bss)
    .bss                                     0x200004dc   Section      168  i2c.o(.bss)
    .bss                                     0x20000584   Section       20  rtc.o(.bss)
    .bss                                     0x20000598   Section       72  stm32f1xx_hal_timebase_tim.o(.bss)
    .bss                                     0x200005e0   Section       64  queue.o(.bss)
    .bss                                     0x20000620   Section     1220  tasks.o(.bss)
    pxReadyTasksLists                        0x20000620   Data        1120  tasks.o(.bss)
    xDelayedTaskList1                        0x20000a80   Data          20  tasks.o(.bss)
    xDelayedTaskList2                        0x20000a94   Data          20  tasks.o(.bss)
    xPendingReadyList                        0x20000aa8   Data          20  tasks.o(.bss)
    xTasksWaitingTermination                 0x20000abc   Data          20  tasks.o(.bss)
    xSuspendedTaskList                       0x20000ad0   Data          20  tasks.o(.bss)
    .bss                                     0x20000ae4   Section      280  timers.o(.bss)
    xStaticTimerQueue                        0x20000ae4   Data          80  timers.o(.bss)
    ucStaticTimerQueueStorage                0x20000b34   Data         160  timers.o(.bss)
    xActiveTimerList1                        0x20000bd4   Data          20  timers.o(.bss)
    xActiveTimerList2                        0x20000be8   Data          20  timers.o(.bss)
    .bss                                     0x20000bfc   Section     1720  cmsis_os2.o(.bss)
    Idle_TCB                                 0x20000bfc   Data          92  cmsis_os2.o(.bss)
    Idle_Stack                               0x20000c58   Data         512  cmsis_os2.o(.bss)
    Timer_TCB                                0x20000e58   Data          92  cmsis_os2.o(.bss)
    Timer_Stack                              0x20000eb4   Data        1024  cmsis_os2.o(.bss)
    .bss                                     0x200012b4   Section     3072  heap_4.o(.bss)
    ucHeap                                   0x200012b4   Data        3072  heap_4.o(.bss)
    .bss                                     0x20001eb4   Section       96  libspace.o(.bss)
    HEAP                                     0x20001f18   Section      512  startup_stm32f103xb.o(HEAP)
    Heap_Mem                                 0x20001f18   Data         512  startup_stm32f103xb.o(HEAP)
    STACK                                    0x20002118   Section     1024  startup_stm32f103xb.o(STACK)
    Stack_Mem                                0x20002118   Data        1024  startup_stm32f103xb.o(STACK)
    __initial_sp                             0x20002518   Data           0  startup_stm32f103xb.o(STACK)

    Global Symbols

    Symbol Name                              Value     Ov Type        Size  Object(Section)

    BuildAttributes$$THM_ISAv4$P$D$K$B$S$PE$A:L22UL41UL21$X:L11$S22US41US21$IEEE1$IW$USESV6$~STKCKD$USESV7$~SHL$OTIME$ROPI$IEEEX$EBA8$UX$STANDARDLIB$REQ8$PRES8$EABIv2 0x00000000   Number         0  anon$$obj.o ABSOLUTE
    __ARM_use_no_argv                        0x00000000   Number         0  main.o ABSOLUTE
    _printf_flags                            0x00000000   Number         0  printf_stubs.o ABSOLUTE
    _printf_return_value                     0x00000000   Number         0  printf_stubs.o ABSOLUTE
    _printf_sizespec                         0x00000000   Number         0  printf_stubs.o ABSOLUTE
    _printf_widthprec                        0x00000000   Number         0  printf_stubs.o ABSOLUTE
    __ARM_exceptions_init                     - Undefined Weak Reference
    __alloca_initialize                       - Undefined Weak Reference
    __arm_preinit_                            - Undefined Weak Reference
    __cpp_initialize__aeabi_                  - Undefined Weak Reference
    __cxa_finalize                            - Undefined Weak Reference
    __sigvec_lookup                           - Undefined Weak Reference
    _atexit_init                              - Undefined Weak Reference
    _call_atexit_fns                          - Undefined Weak Reference
    _clock_init                               - Undefined Weak Reference
    _fp_trap_init                             - Undefined Weak Reference
    _fp_trap_shutdown                         - Undefined Weak Reference
    _get_lc_collate                           - Undefined Weak Reference
    _get_lc_monetary                          - Undefined Weak Reference
    _get_lc_time                              - Undefined Weak Reference
    _getenv_init                              - Undefined Weak Reference
    _handle_redirection                       - Undefined Weak Reference
    _init_alloc                               - Undefined Weak Reference
    _init_user_alloc                          - Undefined Weak Reference
    _initio                                   - Undefined Weak Reference
    _printf_mbtowc                            - Undefined Weak Reference
    _printf_wc                                - Undefined Weak Reference
    _rand_init                                - Undefined Weak Reference
    _signal_finish                            - Undefined Weak Reference
    _signal_init                              - Undefined Weak Reference
    _terminate_alloc                          - Undefined Weak Reference
    _terminate_user_alloc                     - Undefined Weak Reference
    _terminateio                              - Undefined Weak Reference
    __Vectors_Size                           0x000000ec   Number         0  startup_stm32f103xb.o ABSOLUTE
    __Vectors                                0x08000000   Data           4  startup_stm32f103xb.o(RESET)
    __Vectors_End                            0x080000ec   Data           0  startup_stm32f103xb.o(RESET)
    __main                                   0x080000ed   Thumb Code     8  __main.o(!!!main)
    __scatterload                            0x080000f5   Thumb Code     0  __scatter.o(!!!scatter)
    __scatterload_rt2                        0x080000f5   Thumb Code    44  __scatter.o(!!!scatter)
    __scatterload_rt2_thumb_only             0x080000f5   Thumb Code     0  __scatter.o(!!!scatter)
    __scatterload_null                       0x08000103   Thumb Code     0  __scatter.o(!!!scatter)
    __scatterload_copy                       0x08000129   Thumb Code    26  __scatter_copy.o(!!handler_copy)
    __scatterload_zeroinit                   0x08000145   Thumb Code    28  __scatter_zi.o(!!handler_zi)
    _printf_d                                0x08000161   Thumb Code     0  _printf_d.o(.ARM.Collect$$_printf_percent$$00000009)
    _printf_percent                          0x08000161   Thumb Code     0  _printf_percent.o(.ARM.Collect$$_printf_percent$$00000000)
    _printf_s                                0x08000167   Thumb Code     0  _printf_s.o(.ARM.Collect$$_printf_percent$$00000014)
    _printf_percent_end                      0x0800016d   Thumb Code     0  _printf_percent_end.o(.ARM.Collect$$_printf_percent$$00000017)
    __rt_lib_init                            0x08000171   Thumb Code     0  libinit.o(.ARM.Collect$$libinit$$00000000)
    __rt_lib_init_alloca_1                   0x08000173   Thumb Code     0  libinit2.o(.ARM.Collect$$libinit$$0000002E)
    __rt_lib_init_argv_1                     0x08000173   Thumb Code     0  libinit2.o(.ARM.Collect$$libinit$$0000002C)
    __rt_lib_init_atexit_1                   0x08000173   Thumb Code     0  libinit2.o(.ARM.Collect$$libinit$$0000001B)
    __rt_lib_init_clock_1                    0x08000173   Thumb Code     0  libinit2.o(.ARM.Collect$$libinit$$00000021)
    __rt_lib_init_cpp_1                      0x08000173   Thumb Code     0  libinit2.o(.ARM.Collect$$libinit$$00000032)
    __rt_lib_init_exceptions_1               0x08000173   Thumb Code     0  libinit2.o(.ARM.Collect$$libinit$$00000030)
    __rt_lib_init_fp_1                       0x08000173   Thumb Code     0  libinit2.o(.ARM.Collect$$libinit$$00000002)
    __rt_lib_init_fp_trap_1                  0x08000173   Thumb Code     0  libinit2.o(.ARM.Collect$$libinit$$0000001F)
    __rt_lib_init_getenv_1                   0x08000173   Thumb Code     0  libinit2.o(.ARM.Collect$$libinit$$00000023)
    __rt_lib_init_heap_1                     0x08000173   Thumb Code     0  libinit2.o(.ARM.Collect$$libinit$$0000000A)
    __rt_lib_init_lc_collate_1               0x08000173   Thumb Code     0  libinit2.o(.ARM.Collect$$libinit$$00000011)
    __rt_lib_init_lc_ctype_1                 0x08000173   Thumb Code     0  libinit2.o(.ARM.Collect$$libinit$$00000013)
    __rt_lib_init_lc_monetary_1              0x08000173   Thumb Code     0  libinit2.o(.ARM.Collect$$libinit$$00000015)
    __rt_lib_init_lc_numeric_1               0x08000173   Thumb Code     0  libinit2.o(.ARM.Collect$$libinit$$00000017)
    __rt_lib_init_lc_time_1                  0x08000173   Thumb Code     0  libinit2.o(.ARM.Collect$$libinit$$00000019)
    __rt_lib_init_preinit_1                  0x08000173   Thumb Code     0  libinit2.o(.ARM.Collect$$libinit$$00000004)
    __rt_lib_init_rand_1                     0x08000173   Thumb Code     0  libinit2.o(.ARM.Collect$$libinit$$0000000E)
    __rt_lib_init_return                     0x08000173   Thumb Code     0  libinit2.o(.ARM.Collect$$libinit$$00000033)
    __rt_lib_init_signal_1                   0x08000173   Thumb Code     0  libinit2.o(.ARM.Collect$$libinit$$0000001D)
    __rt_lib_init_stdio_1                    0x08000173   Thumb Code     0  libinit2.o(.ARM.Collect$$libinit$$00000025)
    __rt_lib_init_user_alloc_1               0x08000173   Thumb Code     0  libinit2.o(.ARM.Collect$$libinit$$0000000C)
    __rt_lib_shutdown                        0x08000175   Thumb Code     0  libshutdown.o(.ARM.Collect$$libshutdown$$00000000)
    __rt_lib_shutdown_cpp_1                  0x08000177   Thumb Code     0  libshutdown2.o(.ARM.Collect$$libshutdown$$00000002)
    __rt_lib_shutdown_fp_trap_1              0x08000177   Thumb Code     0  libshutdown2.o(.ARM.Collect$$libshutdown$$00000007)
    __rt_lib_shutdown_heap_1                 0x08000177   Thumb Code     0  libshutdown2.o(.ARM.Collect$$libshutdown$$0000000F)
    __rt_lib_shutdown_return                 0x08000177   Thumb Code     0  libshutdown2.o(.ARM.Collect$$libshutdown$$00000010)
    __rt_lib_shutdown_signal_1               0x08000177   Thumb Code     0  libshutdown2.o(.ARM.Collect$$libshutdown$$0000000A)
    __rt_lib_shutdown_stdio_1                0x08000177   Thumb Code     0  libshutdown2.o(.ARM.Collect$$libshutdown$$00000004)
    __rt_lib_shutdown_user_alloc_1           0x08000177   Thumb Code     0  libshutdown2.o(.ARM.Collect$$libshutdown$$0000000C)
    __rt_entry                               0x08000179   Thumb Code     0  __rtentry.o(.ARM.Collect$$rtentry$$00000000)
    __rt_entry_presh_1                       0x08000179   Thumb Code     0  __rtentry2.o(.ARM.Collect$$rtentry$$00000002)
    __rt_entry_sh                            0x08000179   Thumb Code     0  __rtentry4.o(.ARM.Collect$$rtentry$$00000004)
    __rt_entry_li                            0x0800017f   Thumb Code     0  __rtentry2.o(.ARM.Collect$$rtentry$$0000000A)
    __rt_entry_postsh_1                      0x0800017f   Thumb Code     0  __rtentry2.o(.ARM.Collect$$rtentry$$00000009)
    __rt_entry_main                          0x08000183   Thumb Code     0  __rtentry2.o(.ARM.Collect$$rtentry$$0000000D)
    __rt_entry_postli_1                      0x08000183   Thumb Code     0  __rtentry2.o(.ARM.Collect$$rtentry$$0000000C)
    __rt_exit                                0x0800018b   Thumb Code     0  rtexit.o(.ARM.Collect$$rtexit$$00000000)
    __rt_exit_ls                             0x0800018d   Thumb Code     0  rtexit2.o(.ARM.Collect$$rtexit$$00000003)
    __rt_exit_prels_1                        0x0800018d   Thumb Code     0  rtexit2.o(.ARM.Collect$$rtexit$$00000002)
    __rt_exit_exit                           0x08000191   Thumb Code     0  rtexit2.o(.ARM.Collect$$rtexit$$00000004)
    SVC_Handler                              0x08000199   Thumb Code    32  port.o(.emb_text)
    __asm___6_port_c_39a90d8d__prvStartFirstTask 0x080001bd   Thumb Code    28  port.o(.emb_text)
    PendSV_Handler                           0x080001dd   Thumb Code    72  port.o(.emb_text)
    vPortGetIPSR                             0x08000229   Thumb Code     6  port.o(.emb_text)
    Reset_Handler                            0x08000231   Thumb Code     8  startup_stm32f103xb.o(.text)
    ADC1_2_IRQHandler                        0x0800024b   Thumb Code     0  startup_stm32f103xb.o(.text)
    CAN1_RX1_IRQHandler                      0x0800024b   Thumb Code     0  startup_stm32f103xb.o(.text)
    CAN1_SCE_IRQHandler                      0x0800024b   Thumb Code     0  startup_stm32f103xb.o(.text)
    DMA1_Channel1_IRQHandler                 0x0800024b   Thumb Code     0  startup_stm32f103xb.o(.text)
    DMA1_Channel2_IRQHandler                 0x0800024b   Thumb Code     0  startup_stm32f103xb.o(.text)
    DMA1_Channel3_IRQHandler                 0x0800024b   Thumb Code     0  startup_stm32f103xb.o(.text)
    DMA1_Channel4_IRQHandler                 0x0800024b   Thumb Code     0  startup_stm32f103xb.o(.text)
    DMA1_Channel5_IRQHandler                 0x0800024b   Thumb Code     0  startup_stm32f103xb.o(.text)
    DMA1_Channel6_IRQHandler                 0x0800024b   Thumb Code     0  startup_stm32f103xb.o(.text)
    DMA1_Channel7_IRQHandler                 0x0800024b   Thumb Code     0  startup_stm32f103xb.o(.text)
    EXTI0_IRQHandler                         0x0800024b   Thumb Code     0  startup_stm32f103xb.o(.text)
    EXTI15_10_IRQHandler                     0x0800024b   Thumb Code     0  startup_stm32f103xb.o(.text)
    EXTI1_IRQHandler                         0x0800024b   Thumb Code     0  startup_stm32f103xb.o(.text)
    EXTI2_IRQHandler                         0x0800024b   Thumb Code     0  startup_stm32f103xb.o(.text)
    EXTI3_IRQHandler                         0x0800024b   Thumb Code     0  startup_stm32f103xb.o(.text)
    EXTI4_IRQHandler                         0x0800024b   Thumb Code     0  startup_stm32f103xb.o(.text)
    EXTI9_5_IRQHandler                       0x0800024b   Thumb Code     0  startup_stm32f103xb.o(.text)
    FLASH_IRQHandler                         0x0800024b   Thumb Code     0  startup_stm32f103xb.o(.text)
    I2C1_ER_IRQHandler                       0x0800024b   Thumb Code     0  startup_stm32f103xb.o(.text)
    I2C1_EV_IRQHandler                       0x0800024b   Thumb Code     0  startup_stm32f103xb.o(.text)
    I2C2_ER_IRQHandler                       0x0800024b   Thumb Code     0  startup_stm32f103xb.o(.text)
    I2C2_EV_IRQHandler                       0x0800024b   Thumb Code     0  startup_stm32f103xb.o(.text)
    PVD_IRQHandler                           0x0800024b   Thumb Code     0  startup_stm32f103xb.o(.text)
    RCC_IRQHandler                           0x0800024b   Thumb Code     0  startup_stm32f103xb.o(.text)
    RTC_Alarm_IRQHandler                     0x0800024b   Thumb Code     0  startup_stm32f103xb.o(.text)
    RTC_IRQHandler                           0x0800024b   Thumb Code     0  startup_stm32f103xb.o(.text)
    SPI1_IRQHandler                          0x0800024b   Thumb Code     0  startup_stm32f103xb.o(.text)
    SPI2_IRQHandler                          0x0800024b   Thumb Code     0  startup_stm32f103xb.o(.text)
    TAMPER_IRQHandler                        0x0800024b   Thumb Code     0  startup_stm32f103xb.o(.text)
    TIM1_BRK_IRQHandler                      0x0800024b   Thumb Code     0  startup_stm32f103xb.o(.text)
    TIM1_CC_IRQHandler                       0x0800024b   Thumb Code     0  startup_stm32f103xb.o(.text)
    TIM1_TRG_COM_IRQHandler                  0x0800024b   Thumb Code     0  startup_stm32f103xb.o(.text)
    TIM1_UP_IRQHandler                       0x0800024b   Thumb Code     0  startup_stm32f103xb.o(.text)
    TIM2_IRQHandler                          0x0800024b   Thumb Code     0  startup_stm32f103xb.o(.text)
    TIM3_IRQHandler                          0x0800024b   Thumb Code     0  startup_stm32f103xb.o(.text)
    USART1_IRQHandler                        0x0800024b   Thumb Code     0  startup_stm32f103xb.o(.text)
    USART2_IRQHandler                        0x0800024b   Thumb Code     0  startup_stm32f103xb.o(.text)
    USART3_IRQHandler                        0x0800024b   Thumb Code     0  startup_stm32f103xb.o(.text)
    USBWakeUp_IRQHandler                     0x0800024b   Thumb Code     0  startup_stm32f103xb.o(.text)
    USB_HP_CAN1_TX_IRQHandler                0x0800024b   Thumb Code     0  startup_stm32f103xb.o(.text)
    USB_LP_CAN1_RX0_IRQHandler               0x0800024b   Thumb Code     0  startup_stm32f103xb.o(.text)
    WWDG_IRQHandler                          0x0800024b   Thumb Code     0  startup_stm32f103xb.o(.text)
    __user_initial_stackheap                 0x0800024d   Thumb Code     0  startup_stm32f103xb.o(.text)
    __2sprintf                               0x08000271   Thumb Code    38  __2sprintf.o(.text)
    _printf_pre_padding                      0x0800029d   Thumb Code    44  _printf_pad.o(.text)
    _printf_post_padding                     0x080002c9   Thumb Code    34  _printf_pad.o(.text)
    _printf_str                              0x080002eb   Thumb Code    82  _printf_str.o(.text)
    _printf_int_dec                          0x0800033d   Thumb Code   104  _printf_dec.o(.text)
    __printf                                 0x080003b5   Thumb Code   388  __printf_flags_ss_wp.o(.text)
    __aeabi_memcpy                           0x0800053d   Thumb Code     0  rt_memcpy_v6.o(.text)
    __rt_memcpy                              0x0800053d   Thumb Code   138  rt_memcpy_v6.o(.text)
    _memcpy_lastbytes                        0x080005a3   Thumb Code     0  rt_memcpy_v6.o(.text)
    __aeabi_memcpy4                          0x080005c7   Thumb Code     0  rt_memcpy_w.o(.text)
    __aeabi_memcpy8                          0x080005c7   Thumb Code     0  rt_memcpy_w.o(.text)
    __rt_memcpy_w                            0x080005c7   Thumb Code   100  rt_memcpy_w.o(.text)
    _memcpy_lastbytes_aligned                0x0800060f   Thumb Code     0  rt_memcpy_w.o(.text)
    __aeabi_memset                           0x0800062b   Thumb Code    16  aeabi_memset.o(.text)
    __aeabi_memclr4                          0x0800063b   Thumb Code     0  rt_memclr_w.o(.text)
    __aeabi_memclr8                          0x0800063b   Thumb Code     0  rt_memclr_w.o(.text)
    __rt_memclr_w                            0x0800063b   Thumb Code    78  rt_memclr_w.o(.text)
    _memset_w                                0x0800063f   Thumb Code     0  rt_memclr_w.o(.text)
    strcmp                                   0x08000689   Thumb Code   128  strcmpv7m.o(.text)
    __use_two_region_memory                  0x08000709   Thumb Code     2  heapauxi.o(.text)
    __rt_heap_escrow$2region                 0x0800070b   Thumb Code     2  heapauxi.o(.text)
    __rt_heap_expand$2region                 0x0800070d   Thumb Code     2  heapauxi.o(.text)
    _printf_int_common                       0x0800070f   Thumb Code   178  _printf_intcommon.o(.text)
    _printf_char_common                      0x080007cb   Thumb Code    32  _printf_char_common.o(.text)
    _sputc                                   0x080007f1   Thumb Code    10  _sputc.o(.text)
    _printf_cs_common                        0x080007fb   Thumb Code    20  _printf_char.o(.text)
    _printf_char                             0x0800080f   Thumb Code    16  _printf_char.o(.text)
    _printf_string                           0x0800081f   Thumb Code     8  _printf_char.o(.text)
    __aeabi_memclr                           0x08000827   Thumb Code     0  rt_memclr.o(.text)
    __rt_memclr                              0x08000827   Thumb Code    68  rt_memclr.o(.text)
    _memset                                  0x0800082b   Thumb Code     0  rt_memclr.o(.text)
    __user_libspace                          0x0800086d   Thumb Code     8  libspace.o(.text)
    __user_perproc_libspace                  0x0800086d   Thumb Code     0  libspace.o(.text)
    __user_perthread_libspace                0x0800086d   Thumb Code     0  libspace.o(.text)
    __user_setup_stackheap                   0x08000875   Thumb Code    74  sys_stackheap_outer.o(.text)
    exit                                     0x080008bf   Thumb Code    18  exit.o(.text)
    _sys_exit                                0x080008d1   Thumb Code     8  sys_exit.o(.text)
    __I$use$semihosting                      0x080008dd   Thumb Code     0  use_no_semi.o(.text)
    __use_no_semihosting_swi                 0x080008dd   Thumb Code     2  use_no_semi.o(.text)
    BusFault_Handler                         0x080008df   Thumb Code     2  stm32f1xx_it.o(i.BusFault_Handler)
    __semihosting_library_function           0x080008df   Thumb Code     0  indicate_semi.o(.text)
    DebugMon_Handler                         0x080008e1   Thumb Code     2  stm32f1xx_it.o(i.DebugMon_Handler)
    Error_Handler                            0x080008e3   Thumb Code     4  main.o(i.Error_Handler)
    HAL_Delay                                0x080008e9   Thumb Code    32  stm32f1xx_hal.o(i.HAL_Delay)
    HAL_GPIO_Init                            0x0800090d   Thumb Code   446  stm32f1xx_hal_gpio.o(i.HAL_GPIO_Init)
    HAL_GPIO_ReadPin                         0x08000aed   Thumb Code    10  stm32f1xx_hal_gpio.o(i.HAL_GPIO_ReadPin)
    HAL_GPIO_WritePin                        0x08000af7   Thumb Code    10  stm32f1xx_hal_gpio.o(i.HAL_GPIO_WritePin)
    HAL_GetTick                              0x08000b01   Thumb Code     6  stm32f1xx_hal.o(i.HAL_GetTick)
    HAL_I2C_Init                             0x08000b0d   Thumb Code   376  stm32f1xx_hal_i2c.o(i.HAL_I2C_Init)
    HAL_I2C_Master_Transmit                  0x08000c95   Thumb Code   290  stm32f1xx_hal_i2c.o(i.HAL_I2C_Master_Transmit)
    HAL_I2C_Mem_Read                         0x08000dc1   Thumb Code   586  stm32f1xx_hal_i2c.o(i.HAL_I2C_Mem_Read)
    HAL_I2C_Mem_Write                        0x0800101d   Thumb Code   294  stm32f1xx_hal_i2c.o(i.HAL_I2C_Mem_Write)
    HAL_I2C_MspInit                          0x0800114d   Thumb Code   148  i2c.o(i.HAL_I2C_MspInit)
    HAL_IncTick                              0x080011f5   Thumb Code    12  stm32f1xx_hal.o(i.HAL_IncTick)
    HAL_Init                                 0x08001205   Thumb Code    32  stm32f1xx_hal.o(i.HAL_Init)
    HAL_InitTick                             0x08001229   Thumb Code   132  stm32f1xx_hal_timebase_tim.o(i.HAL_InitTick)
    HAL_MspInit                              0x080012c1   Thumb Code    62  stm32f1xx_hal_msp.o(i.HAL_MspInit)
    HAL_NVIC_EnableIRQ                       0x08001309   Thumb Code    26  stm32f1xx_hal_cortex.o(i.HAL_NVIC_EnableIRQ)
    HAL_NVIC_SetPriority                     0x08001325   Thumb Code    60  stm32f1xx_hal_cortex.o(i.HAL_NVIC_SetPriority)
    HAL_NVIC_SetPriorityGrouping             0x08001365   Thumb Code    26  stm32f1xx_hal_cortex.o(i.HAL_NVIC_SetPriorityGrouping)
    HAL_PWR_EnableBkUpAccess                 0x08001389   Thumb Code     8  stm32f1xx_hal_pwr.o(i.HAL_PWR_EnableBkUpAccess)
    HAL_RCCEx_GetPeriphCLKFreq               0x08001395   Thumb Code   148  stm32f1xx_hal_rcc_ex.o(i.HAL_RCCEx_GetPeriphCLKFreq)
    HAL_RCCEx_PeriphCLKConfig                0x08001439   Thumb Code   224  stm32f1xx_hal_rcc_ex.o(i.HAL_RCCEx_PeriphCLKConfig)
    HAL_RCC_ClockConfig                      0x08001525   Thumb Code   280  stm32f1xx_hal_rcc.o(i.HAL_RCC_ClockConfig)
    HAL_RCC_GetClockConfig                   0x08001651   Thumb Code    54  stm32f1xx_hal_rcc.o(i.HAL_RCC_GetClockConfig)
    HAL_RCC_GetPCLK1Freq                     0x08001691   Thumb Code    20  stm32f1xx_hal_rcc.o(i.HAL_RCC_GetPCLK1Freq)
    HAL_RCC_GetPCLK2Freq                     0x080016b1   Thumb Code    20  stm32f1xx_hal_rcc.o(i.HAL_RCC_GetPCLK2Freq)
    HAL_RCC_GetSysClockFreq                  0x080016d1   Thumb Code    58  stm32f1xx_hal_rcc.o(i.HAL_RCC_GetSysClockFreq)
    HAL_RCC_OscConfig                        0x0800171d   Thumb Code   778  stm32f1xx_hal_rcc.o(i.HAL_RCC_OscConfig)
    HAL_RTC_GetDate                          0x08001a3d   Thumb Code    78  stm32f1xx_hal_rtc.o(i.HAL_RTC_GetDate)
    HAL_RTC_GetTime                          0x08001a8b   Thumb Code   216  stm32f1xx_hal_rtc.o(i.HAL_RTC_GetTime)
    HAL_RTC_Init                             0x08001b65   Thumb Code   144  stm32f1xx_hal_rtc.o(i.HAL_RTC_Init)
    HAL_RTC_MspInit                          0x08001bf9   Thumb Code    40  rtc.o(i.HAL_RTC_MspInit)
    HAL_RTC_SetDate                          0x08001c2d   Thumb Code   192  stm32f1xx_hal_rtc.o(i.HAL_RTC_SetDate)
    HAL_RTC_SetTime                          0x08001cf1   Thumb Code   168  stm32f1xx_hal_rtc.o(i.HAL_RTC_SetTime)
    HAL_RTC_WaitForSynchro                   0x08001d9d   Thumb Code    58  stm32f1xx_hal_rtc.o(i.HAL_RTC_WaitForSynchro)
    HAL_TIMEx_BreakCallback                  0x08001dd7   Thumb Code     2  stm32f1xx_hal_tim_ex.o(i.HAL_TIMEx_BreakCallback)
    HAL_TIMEx_CommutCallback                 0x08001dd9   Thumb Code     2  stm32f1xx_hal_tim_ex.o(i.HAL_TIMEx_CommutCallback)
    HAL_TIM_Base_Init                        0x08001ddb   Thumb Code    90  stm32f1xx_hal_tim.o(i.HAL_TIM_Base_Init)
    HAL_TIM_Base_MspInit                     0x08001e35   Thumb Code     2  stm32f1xx_hal_tim.o(i.HAL_TIM_Base_MspInit)
    HAL_TIM_Base_Start_IT                    0x08001e39   Thumb Code    76  stm32f1xx_hal_tim.o(i.HAL_TIM_Base_Start_IT)
    HAL_TIM_IC_CaptureCallback               0x08001e91   Thumb Code     2  stm32f1xx_hal_tim.o(i.HAL_TIM_IC_CaptureCallback)
    HAL_TIM_IRQHandler                       0x08001e93   Thumb Code   304  stm32f1xx_hal_tim.o(i.HAL_TIM_IRQHandler)
    HAL_TIM_OC_DelayElapsedCallback          0x08001fc3   Thumb Code     2  stm32f1xx_hal_tim.o(i.HAL_TIM_OC_DelayElapsedCallback)
    HAL_TIM_PWM_PulseFinishedCallback        0x08001fc5   Thumb Code     2  stm32f1xx_hal_tim.o(i.HAL_TIM_PWM_PulseFinishedCallback)
    HAL_TIM_PeriodElapsedCallback            0x08001fc9   Thumb Code    14  main.o(i.HAL_TIM_PeriodElapsedCallback)
    HAL_TIM_TriggerCallback                  0x08001fdd   Thumb Code     2  stm32f1xx_hal_tim.o(i.HAL_TIM_TriggerCallback)
    HardFault_Handler                        0x08001fdf   Thumb Code     2  stm32f1xx_it.o(i.HardFault_Handler)
    MPU6050_GetData                          0x08002505   Thumb Code   146  mpu6050.o(i.MPU6050_GetData)
    MPU6050_Init                             0x08002597   Thumb Code    54  mpu6050.o(i.MPU6050_Init)
    MPU6050_ReadReg                          0x080025cd   Thumb Code    32  mpu6050.o(i.MPU6050_ReadReg)
    MPU6050_WriteReg                         0x080025f1   Thumb Code    30  mpu6050.o(i.MPU6050_WriteReg)
    MX_FREERTOS_Init                         0x08002615   Thumb Code    60  freertos.o(i.MX_FREERTOS_Init)
    MX_GPIO_Init                             0x08002669   Thumb Code   136  gpio.o(i.MX_GPIO_Init)
    MX_I2C1_Init                             0x080026fd   Thumb Code    50  i2c.o(i.MX_I2C1_Init)
    MX_I2C2_Init                             0x0800273d   Thumb Code    50  i2c.o(i.MX_I2C2_Init)
    MX_RTC_Init                              0x0800277d   Thumb Code   100  rtc.o(i.MX_RTC_Init)
    MemManage_Handler                        0x080027e9   Thumb Code     2  stm32f1xx_it.o(i.MemManage_Handler)
    NMI_Handler                              0x080027eb   Thumb Code     2  stm32f1xx_it.o(i.NMI_Handler)
    OLED_Clear                               0x080027ed   Thumb Code    34  oled.o(i.OLED_Clear)
    OLED_ClearArea                           0x08002815   Thumb Code    86  oled.o(i.OLED_ClearArea)
    OLED_DrawCircle                          0x08002871   Thumb Code   318  oled.o(i.OLED_DrawCircle)
    OLED_DrawLine                            0x080029af   Thumb Code   234  oled.o(i.OLED_DrawLine)
    OLED_DrawPoint                           0x08002a99   Thumb Code    48  oled.o(i.OLED_DrawPoint)
    OLED_Init                                0x08002acd   Thumb Code   158  oled.o(i.OLED_Init)
    OLED_ReverseArea                         0x08002b6d   Thumb Code    84  oled.o(i.OLED_ReverseArea)
    OLED_SetCursor                           0x08002bc5   Thumb Code    36  oled.o(i.OLED_SetCursor)
    OLED_ShowChar                            0x08002be9   Thumb Code    78  oled.o(i.OLED_ShowChar)
    OLED_ShowImage                           0x08002c45   Thumb Code   182  oled.o(i.OLED_ShowImage)
    OLED_ShowString                          0x08002d01   Thumb Code   210  oled.o(i.OLED_ShowString)
    OLED_Update                              0x08002ddd   Thumb Code    34  oled.o(i.OLED_Update)
    OLED_UpdateArea                          0x08002e05   Thumb Code    92  oled.o(i.OLED_UpdateArea)
    OLED_WriteCommand                        0x08002e65   Thumb Code    30  oled.o(i.OLED_WriteCommand)
    OLED_WriteData                           0x08002e89   Thumb Code    64  oled.o(i.OLED_WriteData)
    StartButtonTask                          0x0800312d   Thumb Code   558  freertos.o(i.StartButtonTask)
    StartDefaultTask                         0x08003395   Thumb Code     8  freertos.o(i.StartDefaultTask)
    StartDisplayTask                         0x0800339d   Thumb Code  1830  freertos.o(i.StartDisplayTask)
    StartSystemTask                          0x08003b8d   Thumb Code   192  freertos.o(i.StartSystemTask)
    SysTick_Handler                          0x08003c69   Thumb Code    26  cmsis_os2.o(i.SysTick_Handler)
    SystemClock_Config                       0x08003c83   Thumb Code   128  main.o(i.SystemClock_Config)
    SystemInit                               0x08003d03   Thumb Code     2  system_stm32f1xx.o(i.SystemInit)
    TIM4_IRQHandler                          0x08003d05   Thumb Code     6  stm32f1xx_it.o(i.TIM4_IRQHandler)
    TIM_Base_SetConfig                       0x08003d11   Thumb Code   108  stm32f1xx_hal_tim.o(i.TIM_Base_SetConfig)
    UsageFault_Handler                       0x08003d89   Thumb Code     2  stm32f1xx_it.o(i.UsageFault_Handler)
    __ARM_fpclassifyf                        0x08003d8b   Thumb Code    38  fpclassifyf.o(i.__ARM_fpclassifyf)
    __mathlib_flt_infnan2                    0x08003dd1   Thumb Code     4  funder.o(i.__mathlib_flt_infnan2)
    __mathlib_flt_underflow                  0x08003dd5   Thumb Code    10  funder.o(i.__mathlib_flt_underflow)
    _is_digit                                0x08003ddf   Thumb Code    14  __printf_wp.o(i._is_digit)
    atan2f                                   0x08003ded   Thumb Code   528  atan2f.o(i.atan2f)
    main                                     0x08004049   Thumb Code    38  main.o(i.main)
    osDelay                                  0x0800406f   Thumb Code    26  cmsis_os2.o(i.osDelay)
    osKernelInitialize                       0x08004089   Thumb Code    32  cmsis_os2.o(i.osKernelInitialize)
    osKernelStart                            0x080040ad   Thumb Code    48  cmsis_os2.o(i.osKernelStart)
    osThreadNew                              0x080040e5   Thumb Code   138  cmsis_os2.o(i.osThreadNew)
    pvPortMalloc                             0x08004905   Thumb Code   216  heap_4.o(i.pvPortMalloc)
    pxPortInitialiseStack                    0x080049e1   Thumb Code    32  port.o(i.pxPortInitialiseStack)
    uxListRemove                             0x08004a05   Thumb Code    38  list.o(i.uxListRemove)
    vApplicationGetIdleTaskMemory            0x08004a2d   Thumb Code    16  cmsis_os2.o(i.vApplicationGetIdleTaskMemory)
    vApplicationGetTimerTaskMemory           0x08004a41   Thumb Code    18  cmsis_os2.o(i.vApplicationGetTimerTaskMemory)
    vListInitialise                          0x08004a59   Thumb Code    22  list.o(i.vListInitialise)
    vListInitialiseItem                      0x08004a6f   Thumb Code     6  list.o(i.vListInitialiseItem)
    vListInsert                              0x08004a75   Thumb Code    48  list.o(i.vListInsert)
    vListInsertEnd                           0x08004aa5   Thumb Code    24  list.o(i.vListInsertEnd)
    vPortEnterCritical                       0x08004abd   Thumb Code    54  port.o(i.vPortEnterCritical)
    vPortExitCritical                        0x08004afd   Thumb Code    34  port.o(i.vPortExitCritical)
    vPortFree                                0x08004b25   Thumb Code    94  heap_4.o(i.vPortFree)
    vPortSetupTimerInterrupt                 0x08004b89   Thumb Code    32  port.o(i.vPortSetupTimerInterrupt)
    vPortValidateInterruptPriority           0x08004bad   Thumb Code    74  port.o(i.vPortValidateInterruptPriority)
    vQueueAddToRegistry                      0x08004c01   Thumb Code    34  queue.o(i.vQueueAddToRegistry)
    vQueueWaitForMessageRestricted           0x08004c29   Thumb Code    68  queue.o(i.vQueueWaitForMessageRestricted)
    vTaskDelay                               0x08004c6d   Thumb Code    66  tasks.o(i.vTaskDelay)
    vTaskInternalSetTimeOutState             0x08004cb9   Thumb Code    12  tasks.o(i.vTaskInternalSetTimeOutState)
    vTaskMissedYield                         0x08004cc9   Thumb Code     8  tasks.o(i.vTaskMissedYield)
    vTaskPlaceOnEventList                    0x08004cd5   Thumb Code    44  tasks.o(i.vTaskPlaceOnEventList)
    vTaskPlaceOnEventListRestricted          0x08004d05   Thumb Code    52  tasks.o(i.vTaskPlaceOnEventListRestricted)
    vTaskStartScheduler                      0x08004d3d   Thumb Code   118  tasks.o(i.vTaskStartScheduler)
    vTaskSuspendAll                          0x08004dc5   Thumb Code    10  tasks.o(i.vTaskSuspendAll)
    vTaskSwitchContext                       0x08004dd5   Thumb Code    90  tasks.o(i.vTaskSwitchContext)
    xPortStartScheduler                      0x08004e39   Thumb Code   154  port.o(i.xPortStartScheduler)
    xPortSysTickHandler                      0x08004ee1   Thumb Code    38  port.o(i.xPortSysTickHandler)
    xQueueGenericCreateStatic                0x08004f0d   Thumb Code   102  queue.o(i.xQueueGenericCreateStatic)
    xQueueGenericReset                       0x08004f75   Thumb Code   132  queue.o(i.xQueueGenericReset)
    xQueueGenericSend                        0x08004ffd   Thumb Code   346  queue.o(i.xQueueGenericSend)
    xQueueGenericSendFromISR                 0x0800515d   Thumb Code   190  queue.o(i.xQueueGenericSendFromISR)
    xQueueReceive                            0x0800521d   Thumb Code   308  queue.o(i.xQueueReceive)
    xTaskCheckForTimeOut                     0x08005355   Thumb Code   112  tasks.o(i.xTaskCheckForTimeOut)
    xTaskCreate                              0x080053c9   Thumb Code    90  tasks.o(i.xTaskCreate)
    xTaskCreateStatic                        0x08005423   Thumb Code    86  tasks.o(i.xTaskCreateStatic)
    xTaskGetSchedulerState                   0x08005479   Thumb Code    22  tasks.o(i.xTaskGetSchedulerState)
    xTaskGetTickCount                        0x08005495   Thumb Code     6  tasks.o(i.xTaskGetTickCount)
    xTaskIncrementTick                       0x080054a1   Thumb Code   192  tasks.o(i.xTaskIncrementTick)
    xTaskPriorityDisinherit                  0x08005569   Thumb Code   118  tasks.o(i.xTaskPriorityDisinherit)
    xTaskRemoveFromEventList                 0x080055e9   Thumb Code    98  tasks.o(i.xTaskRemoveFromEventList)
    xTaskResumeAll                           0x08005659   Thumb Code   182  tasks.o(i.xTaskResumeAll)
    xTimerCreateTimerTask                    0x0800571d   Thumb Code    78  timers.o(i.xTimerCreateTimerTask)
    xTimerGenericCommand                     0x0800577d   Thumb Code    98  timers.o(i.xTimerGenericCommand)
    __aeabi_fadd                             0x080057e5   Thumb Code     0  faddsub_clz.o(x$fpl$fadd)
    _fadd                                    0x080057e5   Thumb Code   196  faddsub_clz.o(x$fpl$fadd)
    __fpl_fcheck_NaN1                        0x080058a9   Thumb Code     6  fcheck1.o(x$fpl$fcheck1)
    __aeabi_fdiv                             0x080058b5   Thumb Code     0  fdiv.o(x$fpl$fdiv)
    _fdiv                                    0x080058b5   Thumb Code   384  fdiv.o(x$fpl$fdiv)
    __aeabi_f2iz                             0x08005a39   Thumb Code     0  ffix.o(x$fpl$ffix)
    _ffix                                    0x08005a39   Thumb Code    54  ffix.o(x$fpl$ffix)
    __aeabi_i2f                              0x08005a71   Thumb Code     0  fflt_clz.o(x$fpl$fflt)
    _fflt                                    0x08005a71   Thumb Code    48  fflt_clz.o(x$fpl$fflt)
    __aeabi_fmul                             0x08005aa1   Thumb Code     0  fmul.o(x$fpl$fmul)
    _fmul                                    0x08005aa1   Thumb Code   258  fmul.o(x$fpl$fmul)
    __fpl_fnaninf                            0x08005ba3   Thumb Code   140  fnaninf.o(x$fpl$fnaninf)
    __fpl_fretinf                            0x08005c2f   Thumb Code    10  fretinf.o(x$fpl$fretinf)
    __aeabi_frsub                            0x08005c39   Thumb Code     0  faddsub_clz.o(x$fpl$frsb)
    _frsb                                    0x08005c39   Thumb Code    20  faddsub_clz.o(x$fpl$frsb)
    __aeabi_fsub                             0x08005c4d   Thumb Code     0  faddsub_clz.o(x$fpl$fsub)
    _fsub                                    0x08005c4d   Thumb Code   234  faddsub_clz.o(x$fpl$fsub)
    __fpl_return_NaN                         0x08005d37   Thumb Code   100  retnan.o(x$fpl$retnan)
    __ARM_scalbnf                            0x08005d9b   Thumb Code    76  scalbnf.o(x$fpl$scalbnf)
    __fpl_cmpreturn                          0x08005de7   Thumb Code    48  trapv.o(x$fpl$trapveneer)
    OLED_F8x16                               0x08005e16   Data        1520  oled_data.o(.constdata)
    __I$use$fp                               0x08005e16   Number         0  usenofp.o(x$fpl$usenofp)
    OLED_F6x8                                0x08006406   Data         570  oled_data.o(.constdata)
    OLED_F12x24                              0x08006640   Data        3420  oled_data.o(.constdata)
    OLED_CF16x16                             0x0800739c   Data        1085  oled_data.o(.constdata)
    defaultTask_attributes                   0x080077dc   Data          36  freertos.o(.constdata)
    displayTask_attributes                   0x08007800   Data          36  freertos.o(.constdata)
    buttonTask_attributes                    0x08007824   Data          36  freertos.o(.constdata)
    systemTask_attributes                    0x08007848   Data          36  freertos.o(.constdata)
    AHBPrescTable                            0x080078d0   Data          16  system_stm32f1xx.o(.constdata)
    APBPrescTable                            0x080078e0   Data           8  system_stm32f1xx.o(.constdata)
    Region$$Table$$Base                      0x08007970   Number         0  anon$$obj.o(Region$$Table)
    Region$$Table$$Limit                     0x08007990   Number         0  anon$$obj.o(Region$$Table)
    stopwatch_running                        0x20000000   Data           1  settime.o(.data)
    stopwatch_minutes                        0x20000001   Data           1  settime.o(.data)
    stopwatch_seconds                        0x20000002   Data           1  settime.o(.data)
    stopwatch_ms                             0x20000004   Data           2  settime.o(.data)
    led_on                                   0x20000006   Data           1  settime.o(.data)
    menu_state                               0x20000007   Data           1  settime.o(.data)
    menu_select                              0x20000008   Data           1  settime.o(.data)
    func_menu_index                          0x20000009   Data           1  settime.o(.data)
    set_menu_index                           0x2000000a   Data           1  settime.o(.data)
    func_active_index                        0x2000000b   Data           1  settime.o(.data)
    set_edit_mode                            0x2000000c   Data           1  settime.o(.data)
    defaultTaskHandle                        0x20000034   Data           4  freertos.o(.data)
    displayTaskHandle                        0x20000038   Data           4  freertos.o(.data)
    buttonTaskHandle                         0x2000003c   Data           4  freertos.o(.data)
    systemTaskHandle                         0x20000040   Data           4  freertos.o(.data)
    uwTickFreq                               0x2000004c   Data           1  stm32f1xx_hal.o(.data)
    uwTickPrio                               0x20000050   Data           4  stm32f1xx_hal.o(.data)
    uwTick                                   0x20000054   Data           4  stm32f1xx_hal.o(.data)
    SystemCoreClock                          0x20000058   Data           4  system_stm32f1xx.o(.data)
    pxCurrentTCB                             0x2000005c   Data           4  tasks.o(.data)
    OLED_DisplayBuf                          0x200000dc   Data        1024  oled.o(.bss)
    hi2c1                                    0x200004dc   Data          84  i2c.o(.bss)
    hi2c2                                    0x20000530   Data          84  i2c.o(.bss)
    hrtc                                     0x20000584   Data          20  rtc.o(.bss)
    htim4                                    0x20000598   Data          72  stm32f1xx_hal_timebase_tim.o(.bss)
    xQueueRegistry                           0x200005e0   Data          64  queue.o(.bss)
    __libspace_start                         0x20001eb4   Data          96  libspace.o(.bss)
    __temporary_stack_top$libspace           0x20001f14   Data           0  libspace.o(.bss)



==============================================================================

Memory Map of the image

  Image Entry point : 0x080000ed

  Load Region LR_IROM1 (Base: 0x08000000, Size: 0x00007a6c, Max: 0x00010000, ABSOLUTE)

    Execution Region ER_IROM1 (Exec base: 0x08000000, Load base: 0x08000000, Size: 0x00007990, Max: 0x00010000, ABSOLUTE)

    Exec Addr    Load Addr    Size         Type   Attr      Idx    E Section Name        Object

    0x08000000   0x08000000   0x000000ec   Data   RO            3    RESET               startup_stm32f103xb.o
    0x080000ec   0x080000ec   0x00000008   Code   RO         5693  * !!!main             c_w.l(__main.o)
    0x080000f4   0x080000f4   0x00000034   Code   RO         6129    !!!scatter          c_w.l(__scatter.o)
    0x08000128   0x08000128   0x0000001a   Code   RO         6131    !!handler_copy      c_w.l(__scatter_copy.o)
    0x08000142   0x08000142   0x00000002   PAD
    0x08000144   0x08000144   0x0000001c   Code   RO         6133    !!handler_zi        c_w.l(__scatter_zi.o)
    0x08000160   0x08000160   0x00000000   Code   RO         5678    .ARM.Collect$$_printf_percent$$00000000  c_w.l(_printf_percent.o)
    0x08000160   0x08000160   0x00000006   Code   RO         5677    .ARM.Collect$$_printf_percent$$00000009  c_w.l(_printf_d.o)
    0x08000166   0x08000166   0x00000006   Code   RO         5676    .ARM.Collect$$_printf_percent$$00000014  c_w.l(_printf_s.o)
    0x0800016c   0x0800016c   0x00000004   Code   RO         5825    .ARM.Collect$$_printf_percent$$00000017  c_w.l(_printf_percent_end.o)
    0x08000170   0x08000170   0x00000002   Code   RO         5989    .ARM.Collect$$libinit$$00000000  c_w.l(libinit.o)
    0x08000172   0x08000172   0x00000000   Code   RO         6002    .ARM.Collect$$libinit$$00000002  c_w.l(libinit2.o)
    0x08000172   0x08000172   0x00000000   Code   RO         6004    .ARM.Collect$$libinit$$00000004  c_w.l(libinit2.o)
    0x08000172   0x08000172   0x00000000   Code   RO         6007    .ARM.Collect$$libinit$$0000000A  c_w.l(libinit2.o)
    0x08000172   0x08000172   0x00000000   Code   RO         6009    .ARM.Collect$$libinit$$0000000C  c_w.l(libinit2.o)
    0x08000172   0x08000172   0x00000000   Code   RO         6011    .ARM.Collect$$libinit$$0000000E  c_w.l(libinit2.o)
    0x08000172   0x08000172   0x00000000   Code   RO         6014    .ARM.Collect$$libinit$$00000011  c_w.l(libinit2.o)
    0x08000172   0x08000172   0x00000000   Code   RO         6016    .ARM.Collect$$libinit$$00000013  c_w.l(libinit2.o)
    0x08000172   0x08000172   0x00000000   Code   RO         6018    .ARM.Collect$$libinit$$00000015  c_w.l(libinit2.o)
    0x08000172   0x08000172   0x00000000   Code   RO         6020    .ARM.Collect$$libinit$$00000017  c_w.l(libinit2.o)
    0x08000172   0x08000172   0x00000000   Code   RO         6022    .ARM.Collect$$libinit$$00000019  c_w.l(libinit2.o)
    0x08000172   0x08000172   0x00000000   Code   RO         6024    .ARM.Collect$$libinit$$0000001B  c_w.l(libinit2.o)
    0x08000172   0x08000172   0x00000000   Code   RO         6026    .ARM.Collect$$libinit$$0000001D  c_w.l(libinit2.o)
    0x08000172   0x08000172   0x00000000   Code   RO         6028    .ARM.Collect$$libinit$$0000001F  c_w.l(libinit2.o)
    0x08000172   0x08000172   0x00000000   Code   RO         6030    .ARM.Collect$$libinit$$00000021  c_w.l(libinit2.o)
    0x08000172   0x08000172   0x00000000   Code   RO         6032    .ARM.Collect$$libinit$$00000023  c_w.l(libinit2.o)
    0x08000172   0x08000172   0x00000000   Code   RO         6034    .ARM.Collect$$libinit$$00000025  c_w.l(libinit2.o)
    0x08000172   0x08000172   0x00000000   Code   RO         6038    .ARM.Collect$$libinit$$0000002C  c_w.l(libinit2.o)
    0x08000172   0x08000172   0x00000000   Code   RO         6040    .ARM.Collect$$libinit$$0000002E  c_w.l(libinit2.o)
    0x08000172   0x08000172   0x00000000   Code   RO         6042    .ARM.Collect$$libinit$$00000030  c_w.l(libinit2.o)
    0x08000172   0x08000172   0x00000000   Code   RO         6044    .ARM.Collect$$libinit$$00000032  c_w.l(libinit2.o)
    0x08000172   0x08000172   0x00000002   Code   RO         6045    .ARM.Collect$$libinit$$00000033  c_w.l(libinit2.o)
    0x08000174   0x08000174   0x00000002   Code   RO         6069    .ARM.Collect$$libshutdown$$00000000  c_w.l(libshutdown.o)
    0x08000176   0x08000176   0x00000000   Code   RO         6082    .ARM.Collect$$libshutdown$$00000002  c_w.l(libshutdown2.o)
    0x08000176   0x08000176   0x00000000   Code   RO         6084    .ARM.Collect$$libshutdown$$00000004  c_w.l(libshutdown2.o)
    0x08000176   0x08000176   0x00000000   Code   RO         6087    .ARM.Collect$$libshutdown$$00000007  c_w.l(libshutdown2.o)
    0x08000176   0x08000176   0x00000000   Code   RO         6090    .ARM.Collect$$libshutdown$$0000000A  c_w.l(libshutdown2.o)
    0x08000176   0x08000176   0x00000000   Code   RO         6092    .ARM.Collect$$libshutdown$$0000000C  c_w.l(libshutdown2.o)
    0x08000176   0x08000176   0x00000000   Code   RO         6095    .ARM.Collect$$libshutdown$$0000000F  c_w.l(libshutdown2.o)
    0x08000176   0x08000176   0x00000002   Code   RO         6096    .ARM.Collect$$libshutdown$$00000010  c_w.l(libshutdown2.o)
    0x08000178   0x08000178   0x00000000   Code   RO         5767    .ARM.Collect$$rtentry$$00000000  c_w.l(__rtentry.o)
    0x08000178   0x08000178   0x00000000   Code   RO         5900    .ARM.Collect$$rtentry$$00000002  c_w.l(__rtentry2.o)
    0x08000178   0x08000178   0x00000006   Code   RO         5912    .ARM.Collect$$rtentry$$00000004  c_w.l(__rtentry4.o)
    0x0800017e   0x0800017e   0x00000000   Code   RO         5902    .ARM.Collect$$rtentry$$00000009  c_w.l(__rtentry2.o)
    0x0800017e   0x0800017e   0x00000004   Code   RO         5903    .ARM.Collect$$rtentry$$0000000A  c_w.l(__rtentry2.o)
    0x08000182   0x08000182   0x00000000   Code   RO         5905    .ARM.Collect$$rtentry$$0000000C  c_w.l(__rtentry2.o)
    0x08000182   0x08000182   0x00000008   Code   RO         5906    .ARM.Collect$$rtentry$$0000000D  c_w.l(__rtentry2.o)
    0x0800018a   0x0800018a   0x00000002   Code   RO         5996    .ARM.Collect$$rtexit$$00000000  c_w.l(rtexit.o)
    0x0800018c   0x0800018c   0x00000000   Code   RO         6049    .ARM.Collect$$rtexit$$00000002  c_w.l(rtexit2.o)
    0x0800018c   0x0800018c   0x00000004   Code   RO         6050    .ARM.Collect$$rtexit$$00000003  c_w.l(rtexit2.o)
    0x08000190   0x08000190   0x00000006   Code   RO         6051    .ARM.Collect$$rtexit$$00000004  c_w.l(rtexit2.o)
    0x08000196   0x08000196   0x00000002   PAD
    0x08000198   0x08000198   0x00000096   Code   RO         5561    .emb_text           port.o
    0x0800022e   0x0800022e   0x00000002   PAD
    0x08000230   0x08000230   0x00000040   Code   RO            4    .text               startup_stm32f103xb.o
    0x08000270   0x08000270   0x0000002c   Code   RO         5644    .text               c_w.l(__2sprintf.o)
    0x0800029c   0x0800029c   0x0000004e   Code   RO         5650    .text               c_w.l(_printf_pad.o)
    0x080002ea   0x080002ea   0x00000052   Code   RO         5652    .text               c_w.l(_printf_str.o)
    0x0800033c   0x0800033c   0x00000078   Code   RO         5654    .text               c_w.l(_printf_dec.o)
    0x080003b4   0x080003b4   0x00000188   Code   RO         5673    .text               c_w.l(__printf_flags_ss_wp.o)
    0x0800053c   0x0800053c   0x0000008a   Code   RO         5679    .text               c_w.l(rt_memcpy_v6.o)
    0x080005c6   0x080005c6   0x00000064   Code   RO         5681    .text               c_w.l(rt_memcpy_w.o)
    0x0800062a   0x0800062a   0x00000010   Code   RO         5685    .text               c_w.l(aeabi_memset.o)
    0x0800063a   0x0800063a   0x0000004e   Code   RO         5687    .text               c_w.l(rt_memclr_w.o)
    0x08000688   0x08000688   0x00000080   Code   RO         5689    .text               c_w.l(strcmpv7m.o)
    0x08000708   0x08000708   0x00000006   Code   RO         5691    .text               c_w.l(heapauxi.o)
    0x0800070e   0x0800070e   0x000000b2   Code   RO         5772    .text               c_w.l(_printf_intcommon.o)
    0x080007c0   0x080007c0   0x00000030   Code   RO         5776    .text               c_w.l(_printf_char_common.o)
    0x080007f0   0x080007f0   0x0000000a   Code   RO         5778    .text               c_w.l(_sputc.o)
    0x080007fa   0x080007fa   0x0000002c   Code   RO         5780    .text               c_w.l(_printf_char.o)
    0x08000826   0x08000826   0x00000044   Code   RO         5835    .text               c_w.l(rt_memclr.o)
    0x0800086a   0x0800086a   0x00000002   PAD
    0x0800086c   0x0800086c   0x00000008   Code   RO         5940    .text               c_w.l(libspace.o)
    0x08000874   0x08000874   0x0000004a   Code   RO         5943    .text               c_w.l(sys_stackheap_outer.o)
    0x080008be   0x080008be   0x00000012   Code   RO         5982    .text               c_w.l(exit.o)
    0x080008d0   0x080008d0   0x0000000c   Code   RO         6061    .text               c_w.l(sys_exit.o)
    0x080008dc   0x080008dc   0x00000002   Code   RO         6072    .text               c_w.l(use_no_semi.o)
    0x080008de   0x080008de   0x00000000   Code   RO         6074    .text               c_w.l(indicate_semi.o)
    0x080008de   0x080008de   0x00000002   Code   RO         1026    i.BusFault_Handler  stm32f1xx_it.o
    0x080008e0   0x080008e0   0x00000002   Code   RO         1027    i.DebugMon_Handler  stm32f1xx_it.o
    0x080008e2   0x080008e2   0x00000004   Code   RO          780    i.Error_Handler     main.o
    0x080008e6   0x080008e6   0x00000002   PAD
    0x080008e8   0x080008e8   0x00000024   Code   RO         2169    i.HAL_Delay         stm32f1xx_hal.o
    0x0800090c   0x0800090c   0x000001e0   Code   RO         2479    i.HAL_GPIO_Init     stm32f1xx_hal_gpio.o
    0x08000aec   0x08000aec   0x0000000a   Code   RO         2481    i.HAL_GPIO_ReadPin  stm32f1xx_hal_gpio.o
    0x08000af6   0x08000af6   0x0000000a   Code   RO         2483    i.HAL_GPIO_WritePin  stm32f1xx_hal_gpio.o
    0x08000b00   0x08000b00   0x0000000c   Code   RO         2173    i.HAL_GetTick       stm32f1xx_hal.o
    0x08000b0c   0x08000b0c   0x00000188   Code   RO         3150    i.HAL_I2C_Init      stm32f1xx_hal_i2c.o
    0x08000c94   0x08000c94   0x0000012c   Code   RO         3163    i.HAL_I2C_Master_Transmit  stm32f1xx_hal_i2c.o
    0x08000dc0   0x08000dc0   0x0000025c   Code   RO         3168    i.HAL_I2C_Mem_Read  stm32f1xx_hal_i2c.o
    0x0800101c   0x0800101c   0x00000130   Code   RO         3171    i.HAL_I2C_Mem_Write  stm32f1xx_hal_i2c.o
    0x0800114c   0x0800114c   0x000000a8   Code   RO          937    i.HAL_I2C_MspInit   i2c.o
    0x080011f4   0x080011f4   0x00000010   Code   RO         2179    i.HAL_IncTick       stm32f1xx_hal.o
    0x08001204   0x08001204   0x00000024   Code   RO         2180    i.HAL_Init          stm32f1xx_hal.o
    0x08001228   0x08001228   0x00000098   Code   RO         1114    i.HAL_InitTick      stm32f1xx_hal_timebase_tim.o
    0x080012c0   0x080012c0   0x00000048   Code   RO         1090    i.HAL_MspInit       stm32f1xx_hal_msp.o
    0x08001308   0x08001308   0x0000001a   Code   RO         2639    i.HAL_NVIC_EnableIRQ  stm32f1xx_hal_cortex.o
    0x08001322   0x08001322   0x00000002   PAD
    0x08001324   0x08001324   0x00000040   Code   RO         2645    i.HAL_NVIC_SetPriority  stm32f1xx_hal_cortex.o
    0x08001364   0x08001364   0x00000024   Code   RO         2646    i.HAL_NVIC_SetPriorityGrouping  stm32f1xx_hal_cortex.o
    0x08001388   0x08001388   0x0000000c   Code   RO         2761    i.HAL_PWR_EnableBkUpAccess  stm32f1xx_hal_pwr.o
    0x08001394   0x08001394   0x000000a4   Code   RO         2440    i.HAL_RCCEx_GetPeriphCLKFreq  stm32f1xx_hal_rcc_ex.o
    0x08001438   0x08001438   0x000000ec   Code   RO         2441    i.HAL_RCCEx_PeriphCLKConfig  stm32f1xx_hal_rcc_ex.o
    0x08001524   0x08001524   0x0000012c   Code   RO         2337    i.HAL_RCC_ClockConfig  stm32f1xx_hal_rcc.o
    0x08001650   0x08001650   0x00000040   Code   RO         2341    i.HAL_RCC_GetClockConfig  stm32f1xx_hal_rcc.o
    0x08001690   0x08001690   0x00000020   Code   RO         2344    i.HAL_RCC_GetPCLK1Freq  stm32f1xx_hal_rcc.o
    0x080016b0   0x080016b0   0x00000020   Code   RO         2345    i.HAL_RCC_GetPCLK2Freq  stm32f1xx_hal_rcc.o
    0x080016d0   0x080016d0   0x0000004c   Code   RO         2346    i.HAL_RCC_GetSysClockFreq  stm32f1xx_hal_rcc.o
    0x0800171c   0x0800171c   0x00000320   Code   RO         2349    i.HAL_RCC_OscConfig  stm32f1xx_hal_rcc.o
    0x08001a3c   0x08001a3c   0x0000004e   Code   RO         3581    i.HAL_RTC_GetDate   stm32f1xx_hal_rtc.o
    0x08001a8a   0x08001a8a   0x000000d8   Code   RO         3583    i.HAL_RTC_GetTime   stm32f1xx_hal_rtc.o
    0x08001b62   0x08001b62   0x00000002   PAD
    0x08001b64   0x08001b64   0x00000094   Code   RO         3584    i.HAL_RTC_Init      stm32f1xx_hal_rtc.o
    0x08001bf8   0x08001bf8   0x00000034   Code   RO          985    i.HAL_RTC_MspInit   rtc.o
    0x08001c2c   0x08001c2c   0x000000c4   Code   RO         3590    i.HAL_RTC_SetDate   stm32f1xx_hal_rtc.o
    0x08001cf0   0x08001cf0   0x000000ac   Code   RO         3591    i.HAL_RTC_SetTime   stm32f1xx_hal_rtc.o
    0x08001d9c   0x08001d9c   0x0000003a   Code   RO         3592    i.HAL_RTC_WaitForSynchro  stm32f1xx_hal_rtc.o
    0x08001dd6   0x08001dd6   0x00000002   Code   RO         1895    i.HAL_TIMEx_BreakCallback  stm32f1xx_hal_tim_ex.o
    0x08001dd8   0x08001dd8   0x00000002   Code   RO         1896    i.HAL_TIMEx_CommutCallback  stm32f1xx_hal_tim_ex.o
    0x08001dda   0x08001dda   0x0000005a   Code   RO         1191    i.HAL_TIM_Base_Init  stm32f1xx_hal_tim.o
    0x08001e34   0x08001e34   0x00000002   Code   RO         1193    i.HAL_TIM_Base_MspInit  stm32f1xx_hal_tim.o
    0x08001e36   0x08001e36   0x00000002   PAD
    0x08001e38   0x08001e38   0x00000058   Code   RO         1196    i.HAL_TIM_Base_Start_IT  stm32f1xx_hal_tim.o
    0x08001e90   0x08001e90   0x00000002   Code   RO         1225    i.HAL_TIM_IC_CaptureCallback  stm32f1xx_hal_tim.o
    0x08001e92   0x08001e92   0x00000130   Code   RO         1239    i.HAL_TIM_IRQHandler  stm32f1xx_hal_tim.o
    0x08001fc2   0x08001fc2   0x00000002   Code   RO         1242    i.HAL_TIM_OC_DelayElapsedCallback  stm32f1xx_hal_tim.o
    0x08001fc4   0x08001fc4   0x00000002   Code   RO         1269    i.HAL_TIM_PWM_PulseFinishedCallback  stm32f1xx_hal_tim.o
    0x08001fc6   0x08001fc6   0x00000002   PAD
    0x08001fc8   0x08001fc8   0x00000014   Code   RO          781    i.HAL_TIM_PeriodElapsedCallback  main.o
    0x08001fdc   0x08001fdc   0x00000002   Code   RO         1282    i.HAL_TIM_TriggerCallback  stm32f1xx_hal_tim.o
    0x08001fde   0x08001fde   0x00000002   Code   RO         1028    i.HardFault_Handler  stm32f1xx_it.o
    0x08001fe0   0x08001fe0   0x0000002e   Code   RO         3193    i.I2C_IsAcknowledgeFailed  stm32f1xx_hal_i2c.o
    0x0800200e   0x0800200e   0x00000002   PAD
    0x08002010   0x08002010   0x0000009c   Code   RO         3197    i.I2C_MasterRequestWrite  stm32f1xx_hal_i2c.o
    0x080020ac   0x080020ac   0x000000fc   Code   RO         3203    i.I2C_RequestMemoryRead  stm32f1xx_hal_i2c.o
    0x080021a8   0x080021a8   0x000000a8   Code   RO         3204    i.I2C_RequestMemoryWrite  stm32f1xx_hal_i2c.o
    0x08002250   0x08002250   0x00000056   Code   RO         3208    i.I2C_WaitOnBTFFlagUntilTimeout  stm32f1xx_hal_i2c.o
    0x080022a6   0x080022a6   0x00000002   PAD
    0x080022a8   0x080022a8   0x00000090   Code   RO         3209    i.I2C_WaitOnFlagUntilTimeout  stm32f1xx_hal_i2c.o
    0x08002338   0x08002338   0x000000bc   Code   RO         3210    i.I2C_WaitOnMasterAddressFlagUntilTimeout  stm32f1xx_hal_i2c.o
    0x080023f4   0x080023f4   0x00000070   Code   RO         3211    i.I2C_WaitOnRXNEFlagUntilTimeout  stm32f1xx_hal_i2c.o
    0x08002464   0x08002464   0x00000056   Code   RO         3212    i.I2C_WaitOnTXEFlagUntilTimeout  stm32f1xx_hal_i2c.o
    0x080024ba   0x080024ba   0x00000002   PAD
    0x080024bc   0x080024bc   0x00000048   Code   RO          855    i.LoadRTCToBuf      freertos.o
    0x08002504   0x08002504   0x00000092   Code   RO          276    i.MPU6050_GetData   mpu6050.o
    0x08002596   0x08002596   0x00000036   Code   RO          278    i.MPU6050_Init      mpu6050.o
    0x080025cc   0x080025cc   0x00000024   Code   RO          279    i.MPU6050_ReadReg   mpu6050.o
    0x080025f0   0x080025f0   0x00000024   Code   RO          280    i.MPU6050_WriteReg  mpu6050.o
    0x08002614   0x08002614   0x00000054   Code   RO          856    i.MX_FREERTOS_Init  freertos.o
    0x08002668   0x08002668   0x00000094   Code   RO          831    i.MX_GPIO_Init      gpio.o
    0x080026fc   0x080026fc   0x00000040   Code   RO          938    i.MX_I2C1_Init      i2c.o
    0x0800273c   0x0800273c   0x00000040   Code   RO          939    i.MX_I2C2_Init      i2c.o
    0x0800277c   0x0800277c   0x0000006c   Code   RO          986    i.MX_RTC_Init       rtc.o
    0x080027e8   0x080027e8   0x00000002   Code   RO         1029    i.MemManage_Handler  stm32f1xx_it.o
    0x080027ea   0x080027ea   0x00000002   Code   RO         1030    i.NMI_Handler       stm32f1xx_it.o
    0x080027ec   0x080027ec   0x00000028   Code   RO          413    i.OLED_Clear        oled.o
    0x08002814   0x08002814   0x0000005c   Code   RO          414    i.OLED_ClearArea    oled.o
    0x08002870   0x08002870   0x0000013e   Code   RO          416    i.OLED_DrawCircle   oled.o
    0x080029ae   0x080029ae   0x000000ea   Code   RO          418    i.OLED_DrawLine     oled.o
    0x08002a98   0x08002a98   0x00000034   Code   RO          419    i.OLED_DrawPoint    oled.o
    0x08002acc   0x08002acc   0x0000009e   Code   RO          427    i.OLED_Init         oled.o
    0x08002b6a   0x08002b6a   0x00000002   PAD
    0x08002b6c   0x08002b6c   0x00000058   Code   RO          432    i.OLED_ReverseArea  oled.o
    0x08002bc4   0x08002bc4   0x00000024   Code   RO          433    i.OLED_SetCursor    oled.o
    0x08002be8   0x08002be8   0x0000005c   Code   RO          435    i.OLED_ShowChar     oled.o
    0x08002c44   0x08002c44   0x000000bc   Code   RO          438    i.OLED_ShowImage    oled.o
    0x08002d00   0x08002d00   0x000000dc   Code   RO          441    i.OLED_ShowString   oled.o
    0x08002ddc   0x08002ddc   0x00000028   Code   RO          442    i.OLED_Update       oled.o
    0x08002e04   0x08002e04   0x00000060   Code   RO          443    i.OLED_UpdateArea   oled.o
    0x08002e64   0x08002e64   0x00000024   Code   RO          446    i.OLED_WriteCommand  oled.o
    0x08002e88   0x08002e88   0x00000044   Code   RO          447    i.OLED_WriteData    oled.o
    0x08002ecc   0x08002ecc   0x00000012   Code   RO         3593    i.RTC_Bcd2ToByte    stm32f1xx_hal_rtc.o
    0x08002ede   0x08002ede   0x00000016   Code   RO         3594    i.RTC_ByteToBcd2    stm32f1xx_hal_rtc.o
    0x08002ef4   0x08002ef4   0x000000ae   Code   RO         3595    i.RTC_DateUpdate    stm32f1xx_hal_rtc.o
    0x08002fa2   0x08002fa2   0x00000034   Code   RO         3596    i.RTC_EnterInitMode  stm32f1xx_hal_rtc.o
    0x08002fd6   0x08002fd6   0x00000002   PAD
    0x08002fd8   0x08002fd8   0x00000036   Code   RO         3597    i.RTC_ExitInitMode  stm32f1xx_hal_rtc.o
    0x0800300e   0x0800300e   0x0000000e   Code   RO         3598    i.RTC_ReadAlarmCounter  stm32f1xx_hal_rtc.o
    0x0800301c   0x0800301c   0x00000020   Code   RO         3599    i.RTC_ReadTimeCounter  stm32f1xx_hal_rtc.o
    0x0800303c   0x0800303c   0x00000056   Code   RO         3600    i.RTC_WeekDayNum    stm32f1xx_hal_rtc.o
    0x08003092   0x08003092   0x00000028   Code   RO         3601    i.RTC_WriteAlarmCounter  stm32f1xx_hal_rtc.o
    0x080030ba   0x080030ba   0x00000028   Code   RO         3602    i.RTC_WriteTimeCounter  stm32f1xx_hal_rtc.o
    0x080030e2   0x080030e2   0x00000002   PAD
    0x080030e4   0x080030e4   0x00000048   Code   RO          857    i.SaveBufToRTC      freertos.o
    0x0800312c   0x0800312c   0x00000268   Code   RO          858    i.StartButtonTask   freertos.o
    0x08003394   0x08003394   0x00000008   Code   RO          859    i.StartDefaultTask  freertos.o
    0x0800339c   0x0800339c   0x000007f0   Code   RO          860    i.StartDisplayTask  freertos.o
    0x08003b8c   0x08003b8c   0x000000dc   Code   RO          861    i.StartSystemTask   freertos.o
    0x08003c68   0x08003c68   0x0000001a   Code   RO         4996    i.SysTick_Handler   cmsis_os2.o
    0x08003c82   0x08003c82   0x00000080   Code   RO          782    i.SystemClock_Config  main.o
    0x08003d02   0x08003d02   0x00000002   Code   RO         3849    i.SystemInit        system_stm32f1xx.o
    0x08003d04   0x08003d04   0x0000000c   Code   RO         1031    i.TIM4_IRQHandler   stm32f1xx_it.o
    0x08003d10   0x08003d10   0x00000078   Code   RO         1284    i.TIM_Base_SetConfig  stm32f1xx_hal_tim.o
    0x08003d88   0x08003d88   0x00000002   Code   RO         1032    i.UsageFault_Handler  stm32f1xx_it.o
    0x08003d8a   0x08003d8a   0x00000026   Code   RO         5882    i.__ARM_fpclassifyf  m_ws.l(fpclassifyf.o)
    0x08003db0   0x08003db0   0x00000020   Code   RO         2652    i.__NVIC_SetPriority  stm32f1xx_hal_cortex.o
    0x08003dd0   0x08003dd0   0x00000004   Code   RO         5886    i.__mathlib_flt_infnan2  m_ws.l(funder.o)
    0x08003dd4   0x08003dd4   0x0000000a   Code   RO         5890    i.__mathlib_flt_underflow  m_ws.l(funder.o)
    0x08003dde   0x08003dde   0x0000000e   Code   RO         5666    i._is_digit         c_w.l(__printf_wp.o)
    0x08003dec   0x08003dec   0x0000025c   Code   RO         5758    i.atan2f            m_ws.l(atan2f.o)
    0x08004048   0x08004048   0x00000026   Code   RO          783    i.main              main.o
    0x0800406e   0x0800406e   0x0000001a   Code   RO         4998    i.osDelay           cmsis_os2.o
    0x08004088   0x08004088   0x00000024   Code   RO         5012    i.osKernelInitialize  cmsis_os2.o
    0x080040ac   0x080040ac   0x00000038   Code   RO         5015    i.osKernelStart     cmsis_os2.o
    0x080040e4   0x080040e4   0x0000008a   Code   RO         5057    i.osThreadNew       cmsis_os2.o
    0x0800416e   0x0800416e   0x00000002   PAD
    0x08004170   0x08004170   0x0000005c   Code   RO         4457    i.prvAddCurrentTaskToDelayedList  tasks.o
    0x080041cc   0x080041cc   0x000000d0   Code   RO         4458    i.prvAddNewTaskToReadyList  tasks.o
    0x0800429c   0x0800429c   0x00000058   Code   RO         4822    i.prvCheckForValidListAndQueue  timers.o
    0x080042f4   0x080042f4   0x00000026   Code   RO         4054    i.prvCopyDataFromQueue  queue.o
    0x0800431a   0x0800431a   0x0000006c   Code   RO         4055    i.prvCopyDataToQueue  queue.o
    0x08004386   0x08004386   0x00000034   Code   RO         4459    i.prvDeleteTCB      tasks.o
    0x080043ba   0x080043ba   0x00000002   PAD
    0x080043bc   0x080043bc   0x0000004c   Code   RO         5506    i.prvHeapInit       heap_4.o
    0x08004408   0x08004408   0x00000060   Code   RO         4460    i.prvIdleTask       tasks.o
    0x08004468   0x08004468   0x00000022   Code   RO         4057    i.prvInitialiseNewQueue  queue.o
    0x0800448a   0x0800448a   0x00000002   PAD
    0x0800448c   0x0800448c   0x000000b0   Code   RO         4461    i.prvInitialiseNewTask  tasks.o
    0x0800453c   0x0800453c   0x0000004c   Code   RO         5507    i.prvInsertBlockIntoFreeList  heap_4.o
    0x08004588   0x08004588   0x00000038   Code   RO         4824    i.prvInsertTimerInActiveList  timers.o
    0x080045c0   0x080045c0   0x0000001c   Code   RO         4058    i.prvIsQueueEmpty   queue.o
    0x080045dc   0x080045dc   0x000000fc   Code   RO         4825    i.prvProcessReceivedCommands  timers.o
    0x080046d8   0x080046d8   0x000000c0   Code   RO         4826    i.prvProcessTimerOrBlockTask  timers.o
    0x08004798   0x08004798   0x00000020   Code   RO         4463    i.prvResetNextTaskUnblockTime  tasks.o
    0x080047b8   0x080047b8   0x00000028   Code   RO         4827    i.prvSampleTimeNow  timers.o
    0x080047e0   0x080047e0   0x0000006c   Code   RO         4828    i.prvSwitchTimerLists  timers.o
    0x0800484c   0x0800484c   0x00000028   Code   RO         5562    i.prvTaskExitError  port.o
    0x08004874   0x08004874   0x00000024   Code   RO         4829    i.prvTimerTask      timers.o
    0x08004898   0x08004898   0x0000006a   Code   RO         4059    i.prvUnlockQueue    queue.o
    0x08004902   0x08004902   0x00000002   PAD
    0x08004904   0x08004904   0x000000dc   Code   RO         5508    i.pvPortMalloc      heap_4.o
    0x080049e0   0x080049e0   0x00000024   Code   RO         5563    i.pxPortInitialiseStack  port.o
    0x08004a04   0x08004a04   0x00000026   Code   RO         4014    i.uxListRemove      list.o
    0x08004a2a   0x08004a2a   0x00000002   PAD
    0x08004a2c   0x08004a2c   0x00000014   Code   RO         5069    i.vApplicationGetIdleTaskMemory  cmsis_os2.o
    0x08004a40   0x08004a40   0x00000018   Code   RO         5070    i.vApplicationGetTimerTaskMemory  cmsis_os2.o
    0x08004a58   0x08004a58   0x00000016   Code   RO         4015    i.vListInitialise   list.o
    0x08004a6e   0x08004a6e   0x00000006   Code   RO         4016    i.vListInitialiseItem  list.o
    0x08004a74   0x08004a74   0x00000030   Code   RO         4017    i.vListInsert       list.o
    0x08004aa4   0x08004aa4   0x00000018   Code   RO         4018    i.vListInsertEnd    list.o
    0x08004abc   0x08004abc   0x00000040   Code   RO         5565    i.vPortEnterCritical  port.o
    0x08004afc   0x08004afc   0x00000028   Code   RO         5566    i.vPortExitCritical  port.o
    0x08004b24   0x08004b24   0x00000064   Code   RO         5509    i.vPortFree         heap_4.o
    0x08004b88   0x08004b88   0x00000024   Code   RO         5567    i.vPortSetupTimerInterrupt  port.o
    0x08004bac   0x08004bac   0x00000054   Code   RO         5568    i.vPortValidateInterruptPriority  port.o
    0x08004c00   0x08004c00   0x00000028   Code   RO         4065    i.vQueueAddToRegistry  queue.o
    0x08004c28   0x08004c28   0x00000044   Code   RO         4069    i.vQueueWaitForMessageRestricted  queue.o
    0x08004c6c   0x08004c6c   0x0000004c   Code   RO         4476    i.vTaskDelay        tasks.o
    0x08004cb8   0x08004cb8   0x00000010   Code   RO         4481    i.vTaskInternalSetTimeOutState  tasks.o
    0x08004cc8   0x08004cc8   0x0000000c   Code   RO         4482    i.vTaskMissedYield  tasks.o
    0x08004cd4   0x08004cd4   0x00000030   Code   RO         4484    i.vTaskPlaceOnEventList  tasks.o
    0x08004d04   0x08004d04   0x00000038   Code   RO         4485    i.vTaskPlaceOnEventListRestricted  tasks.o
    0x08004d3c   0x08004d3c   0x00000088   Code   RO         4493    i.vTaskStartScheduler  tasks.o
    0x08004dc4   0x08004dc4   0x00000010   Code   RO         4495    i.vTaskSuspendAll   tasks.o
    0x08004dd4   0x08004dd4   0x00000064   Code   RO         4496    i.vTaskSwitchContext  tasks.o
    0x08004e38   0x08004e38   0x000000a8   Code   RO         5569    i.xPortStartScheduler  port.o
    0x08004ee0   0x08004ee0   0x0000002c   Code   RO         5570    i.xPortSysTickHandler  port.o
    0x08004f0c   0x08004f0c   0x00000066   Code   RO         4075    i.xQueueGenericCreateStatic  queue.o
    0x08004f72   0x08004f72   0x00000002   PAD
    0x08004f74   0x08004f74   0x00000088   Code   RO         4076    i.xQueueGenericReset  queue.o
    0x08004ffc   0x08004ffc   0x00000160   Code   RO         4077    i.xQueueGenericSend  queue.o
    0x0800515c   0x0800515c   0x000000be   Code   RO         4078    i.xQueueGenericSendFromISR  queue.o
    0x0800521a   0x0800521a   0x00000002   PAD
    0x0800521c   0x0800521c   0x00000138   Code   RO         4087    i.xQueueReceive     queue.o
    0x08005354   0x08005354   0x00000074   Code   RO         4498    i.xTaskCheckForTimeOut  tasks.o
    0x080053c8   0x080053c8   0x0000005a   Code   RO         4499    i.xTaskCreate       tasks.o
    0x08005422   0x08005422   0x00000056   Code   RO         4500    i.xTaskCreateStatic  tasks.o
    0x08005478   0x08005478   0x0000001c   Code   RO         4504    i.xTaskGetSchedulerState  tasks.o
    0x08005494   0x08005494   0x0000000c   Code   RO         4505    i.xTaskGetTickCount  tasks.o
    0x080054a0   0x080054a0   0x000000c8   Code   RO         4507    i.xTaskIncrementTick  tasks.o
    0x08005568   0x08005568   0x00000080   Code   RO         4510    i.xTaskPriorityDisinherit  tasks.o
    0x080055e8   0x080055e8   0x00000070   Code   RO         4512    i.xTaskRemoveFromEventList  tasks.o
    0x08005658   0x08005658   0x000000c4   Code   RO         4513    i.xTaskResumeAll    tasks.o
    0x0800571c   0x0800571c   0x00000060   Code   RO         4838    i.xTimerCreateTimerTask  timers.o
    0x0800577c   0x0800577c   0x00000068   Code   RO         4839    i.xTimerGenericCommand  timers.o
    0x080057e4   0x080057e4   0x000000c4   Code   RO         5727    x$fpl$fadd          fz_ws.l(faddsub_clz.o)
    0x080058a8   0x080058a8   0x0000000c   Code   RO         5992    x$fpl$fcheck1       fz_ws.l(fcheck1.o)
    0x080058b4   0x080058b4   0x00000184   Code   RO         5734    x$fpl$fdiv          fz_ws.l(fdiv.o)
    0x08005a38   0x08005a38   0x00000036   Code   RO         5737    x$fpl$ffix          fz_ws.l(ffix.o)
    0x08005a6e   0x08005a6e   0x00000002   PAD
    0x08005a70   0x08005a70   0x00000030   Code   RO         5742    x$fpl$fflt          fz_ws.l(fflt_clz.o)
    0x08005aa0   0x08005aa0   0x00000102   Code   RO         5747    x$fpl$fmul          fz_ws.l(fmul.o)
    0x08005ba2   0x08005ba2   0x0000008c   Code   RO         5845    x$fpl$fnaninf       fz_ws.l(fnaninf.o)
    0x08005c2e   0x08005c2e   0x0000000a   Code   RO         5847    x$fpl$fretinf       fz_ws.l(fretinf.o)
    0x08005c38   0x08005c38   0x00000014   Code   RO         5728    x$fpl$frsb          fz_ws.l(faddsub_clz.o)
    0x08005c4c   0x08005c4c   0x000000ea   Code   RO         5729    x$fpl$fsub          fz_ws.l(faddsub_clz.o)
    0x08005d36   0x08005d36   0x00000064   Code   RO         6046    x$fpl$retnan        fz_ws.l(retnan.o)
    0x08005d9a   0x08005d9a   0x0000004c   Code   RO         5934    x$fpl$scalbnf       fz_ws.l(scalbnf.o)
    0x08005de6   0x08005de6   0x00000030   Code   RO         6059    x$fpl$trapveneer    fz_ws.l(trapv.o)
    0x08005e16   0x08005e16   0x00000000   Code   RO         5857    x$fpl$usenofp       fz_ws.l(usenofp.o)
    0x08005e16   0x08005e16   0x000005f0   Data   RO          660    .constdata          oled_data.o
    0x08006406   0x08006406   0x0000023a   Data   RO          661    .constdata          oled_data.o
    0x08006640   0x08006640   0x00000d5c   Data   RO          662    .constdata          oled_data.o
    0x0800739c   0x0800739c   0x0000043d   Data   RO          663    .constdata          oled_data.o
    0x080077d9   0x080077d9   0x00000003   PAD
    0x080077dc   0x080077dc   0x000000d0   Data   RO          862    .constdata          freertos.o
    0x080078ac   0x080078ac   0x00000012   Data   RO         2350    .constdata          stm32f1xx_hal_rcc.o
    0x080078be   0x080078be   0x00000012   Data   RO         2442    .constdata          stm32f1xx_hal_rcc_ex.o
    0x080078d0   0x080078d0   0x00000010   Data   RO         3850    .constdata          system_stm32f1xx.o
    0x080078e0   0x080078e0   0x00000008   Data   RO         3851    .constdata          system_stm32f1xx.o
    0x080078e8   0x080078e8   0x00000011   Data   RO         5674    .constdata          c_w.l(__printf_flags_ss_wp.o)
    0x080078f9   0x080078f9   0x00000003   PAD
    0x080078fc   0x080078fc   0x00000074   Data   RO          863    .conststring        freertos.o
    0x08007970   0x08007970   0x00000020   Data   RO         6127    Region$$Table       anon$$obj.o


    Execution Region RW_IRAM1 (Exec base: 0x20000000, Load base: 0x08007990, Size: 0x00002518, Max: 0x00005000, ABSOLUTE)

    Exec Addr    Load Addr    Size         Type   Attr      Idx    E Section Name        Object

    0x20000000   0x08007990   0x00000001   Data   RW          688    .data               settime.o
    0x20000001   0x08007991   0x00000001   Data   RW          689    .data               settime.o
    0x20000002   0x08007992   0x00000001   Data   RW          690    .data               settime.o
    0x20000003   0x08007993   0x00000001   PAD
    0x20000004   0x08007994   0x00000002   Data   RW          691    .data               settime.o
    0x20000006   0x08007996   0x00000001   Data   RW          693    .data               settime.o
    0x20000007   0x08007997   0x00000001   Data   RW          694    .data               settime.o
    0x20000008   0x08007998   0x00000001   Data   RW          695    .data               settime.o
    0x20000009   0x08007999   0x00000001   Data   RW          696    .data               settime.o
    0x2000000a   0x0800799a   0x00000001   Data   RW          697    .data               settime.o
    0x2000000b   0x0800799b   0x00000001   Data   RW          699    .data               settime.o
    0x2000000c   0x0800799c   0x00000001   Data   RW          700    .data               settime.o
    0x2000000d   0x0800799d   0x00000003   PAD
    0x20000010   0x080079a0   0x0000003a   Data   RW          864    .data               freertos.o
    0x2000004a   0x080079da   0x00000002   PAD
    0x2000004c   0x080079dc   0x0000000c   Data   RW         2187    .data               stm32f1xx_hal.o
    0x20000058   0x080079e8   0x00000004   Data   RW         3852    .data               system_stm32f1xx.o
    0x2000005c   0x080079ec   0x0000003c   Data   RW         4516    .data               tasks.o
    0x20000098   0x08007a28   0x00000014   Data   RW         4847    .data               timers.o
    0x200000ac   0x08007a3c   0x00000004   Data   RW         5072    .data               cmsis_os2.o
    0x200000b0   0x08007a40   0x00000020   Data   RW         5515    .data               heap_4.o
    0x200000d0   0x08007a60   0x0000000c   Data   RW         5571    .data               port.o
    0x200000dc        -       0x00000400   Zero   RW          449    .bss                oled.o
    0x200004dc        -       0x000000a8   Zero   RW          940    .bss                i2c.o
    0x20000584        -       0x00000014   Zero   RW          987    .bss                rtc.o
    0x20000598        -       0x00000048   Zero   RW         1117    .bss                stm32f1xx_hal_timebase_tim.o
    0x200005e0        -       0x00000040   Zero   RW         4091    .bss                queue.o
    0x20000620        -       0x000004c4   Zero   RW         4515    .bss                tasks.o
    0x20000ae4        -       0x00000118   Zero   RW         4846    .bss                timers.o
    0x20000bfc        -       0x000006b8   Zero   RW         5071    .bss                cmsis_os2.o
    0x200012b4        -       0x00000c00   Zero   RW         5514    .bss                heap_4.o
    0x20001eb4        -       0x00000060   Zero   RW         5941    .bss                c_w.l(libspace.o)
    0x20001f14   0x08007a6c   0x00000004   PAD
    0x20001f18        -       0x00000200   Zero   RW            2    HEAP                startup_stm32f103xb.o
    0x20002118        -       0x00000400   Zero   RW            1    STACK               startup_stm32f103xb.o


==============================================================================

Image component sizes


      Code (inc. data)   RO Data    RW Data    ZI Data      Debug   Object Name

       326         22          0          4       1720      54743   cmsis_os2.o
         0          0          0          0          0      19600   event_groups.o
      3104        546        324         58          0      12181   freertos.o
       148         12          0          0          0        891   gpio.o
       472         24          0         32       3072       4679   heap_4.o
       296         48          0          0        168       2218   i2c.o
         0          0          0          0          0     430092   key.o
       138          0          0          0          0       3310   list.o
       190          6          0          0          0       2536   main.o
       272         10          0          0          0       2602   mpu6050.o
      1758         70          0          0       1024      11389   oled.o
         0          0       6595          0          0       1274   oled_data.o
       662         70          0         12          0      10525   port.o
      1514         20          0          0         64      16808   queue.o
       160         20          0          0         20       1511   rtc.o
         0          0          0         12          0       8436   settime.o
        64         26        236          0       1536        792   startup_stm32f103xb.o
       100         18          0         12          0       5122   stm32f1xx_hal.o
       158         14          0          0          0      28118   stm32f1xx_hal_cortex.o
       500         34          0          0          0       3439   stm32f1xx_hal_gpio.o
      2838         72          0          0          0      14736   stm32f1xx_hal_i2c.o
        72         10          0          0          0        834   stm32f1xx_hal_msp.o
        12          4          0          0          0        495   stm32f1xx_hal_pwr.o
      1304         94         18          0          0       5613   stm32f1xx_hal_rcc.o
       400         28         18          0          0       2417   stm32f1xx_hal_rcc_ex.o
      1400         12          0          0          0      12408   stm32f1xx_hal_rtc.o
       612         24          0          0          0       6992   stm32f1xx_hal_tim.o
         4          0          0          0          0       1525   stm32f1xx_hal_tim_ex.o
       152         20          0          0         72       1423   stm32f1xx_hal_timebase_tim.o
        24          6          0          0          0       2895   stm32f1xx_it.o
         0          0          0          0          0        440   stream_buffer.o
         2          0         24          4          0       1059   system_stm32f1xx.o
      2084        168          0         60       1220      25744   tasks.o
       972         80          0         20        280      31787   timers.o

    ----------------------------------------------------------------------
     19776       1458       7250        220       9176     728634   Object Totals
         0          0         32          0          0          0   (incl. Generated)
        38          0          3          6          0          0   (incl. Padding)

    ----------------------------------------------------------------------

      Code (inc. data)   RO Data    RW Data    ZI Data      Debug   Library Member Name

        44          6          0          0          0         84   __2sprintf.o
         8          0          0          0          0         68   __main.o
       392          4         17          0          0         92   __printf_flags_ss_wp.o
        14          0          0          0          0         68   __printf_wp.o
         0          0          0          0          0          0   __rtentry.o
        12          0          0          0          0          0   __rtentry2.o
         6          0          0          0          0          0   __rtentry4.o
        52          8          0          0          0          0   __scatter.o
        26          0          0          0          0          0   __scatter_copy.o
        28          0          0          0          0          0   __scatter_zi.o
        44          0          0          0          0        108   _printf_char.o
        48          6          0          0          0         96   _printf_char_common.o
         6          0          0          0          0          0   _printf_d.o
       120         16          0          0          0         92   _printf_dec.o
       178          0          0          0          0         88   _printf_intcommon.o
        78          0          0          0          0        108   _printf_pad.o
         0          0          0          0          0          0   _printf_percent.o
         4          0          0          0          0          0   _printf_percent_end.o
         6          0          0          0          0          0   _printf_s.o
        82          0          0          0          0         80   _printf_str.o
        10          0          0          0          0         68   _sputc.o
        16          0          0          0          0         68   aeabi_memset.o
        18          0          0          0          0         80   exit.o
         6          0          0          0          0        152   heapauxi.o
         0          0          0          0          0          0   indicate_semi.o
         2          0          0          0          0          0   libinit.o
         2          0          0          0          0          0   libinit2.o
         2          0          0          0          0          0   libshutdown.o
         2          0          0          0          0          0   libshutdown2.o
         8          4          0          0         96         68   libspace.o
        68          0          0          0          0         68   rt_memclr.o
        78          0          0          0          0         80   rt_memclr_w.o
       138          0          0          0          0         68   rt_memcpy_v6.o
       100          0          0          0          0         80   rt_memcpy_w.o
         2          0          0          0          0          0   rtexit.o
        10          0          0          0          0          0   rtexit2.o
       128          0          0          0          0         68   strcmpv7m.o
        12          4          0          0          0         68   sys_exit.o
        74          0          0          0          0         80   sys_stackheap_outer.o
         2          0          0          0          0         68   use_no_semi.o
       450          8          0          0          0        236   faddsub_clz.o
        12          4          0          0          0         68   fcheck1.o
       388         76          0          0          0         96   fdiv.o
        54          4          0          0          0         84   ffix.o
        48          0          0          0          0         68   fflt_clz.o
       258          4          0          0          0         84   fmul.o
       140          4          0          0          0         84   fnaninf.o
        10          0          0          0          0         68   fretinf.o
       100          0          0          0          0         68   retnan.o
        76          0          0          0          0         68   scalbnf.o
        48          0          0          0          0         68   trapv.o
         0          0          0          0          0          0   usenofp.o
       604         76          0          0          0        116   atan2f.o
        38          0          0          0          0         68   fpclassifyf.o
        14          0          0          0          0        136   funder.o

    ----------------------------------------------------------------------
      4074        224         20          0        100       3212   Library Totals
         8          0          3          0          4          0   (incl. Padding)

    ----------------------------------------------------------------------

      Code (inc. data)   RO Data    RW Data    ZI Data      Debug   Library Name

      1826         48         17          0         96       1900   c_w.l
      1584        100          0          0          0        992   fz_ws.l
       656         76          0          0          0        320   m_ws.l

    ----------------------------------------------------------------------
      4074        224         20          0        100       3212   Library Totals

    ----------------------------------------------------------------------

==============================================================================


      Code (inc. data)   RO Data    RW Data    ZI Data      Debug   

     23850       1682       7270        220       9276     721130   Grand Totals
     23850       1682       7270        220       9276     721130   ELF Image Totals
     23850       1682       7270        220          0          0   ROM Totals

==============================================================================

    Total RO  Size (Code + RO Data)                31120 (  30.39kB)
    Total RW  Size (RW Data + ZI Data)              9496 (   9.27kB)
    Total ROM Size (Code + RO Data + RW Data)      31340 (  30.61kB)

==============================================================================

